#
# There is insufficient memory for the Java Runtime Environment to continue.
# Native memory allocation (malloc) failed to allocate 1048576 bytes. Error detail: AllocateHeap
# Possible reasons:
#   The system is out of physical RAM or swap space
#   This process is running with CompressedOops enabled, and the Java Heap may be blocking the growth of the native heap
# Possible solutions:
#   Reduce memory load on the system
#   Increase physical memory or swap space
#   Check if swap backing store is full
#   Decrease Java heap size (-Xmx/-Xms)
#   Decrease number of Java threads
#   Decrease Java thread stack sizes (-Xss)
#   Set larger code cache with -XX:ReservedCodeCacheSize=
#   JVM is running with Unscaled Compressed Oops mode in which the Java heap is
#     placed in the first 4GB address space. The Java Heap base address is the
#     maximum limit for the native heap growth. Please use -XX:HeapBaseMinAddress
#     to set the Java Heap base and to place the Java Heap above 4GB virtual address.
# This output file may be truncated or incomplete.
#
#  Out of Memory Error (allocation.cpp:44), pid=17784, tid=12824
#
# JRE version: OpenJDK Runtime Environment Temurin-21.0.11+10 (21.0.11+10) (build 21.0.11+10-LTS)
# Java VM: OpenJDK 64-Bit Server VM Temurin-21.0.11+10 (21.0.11+10-LTS, mixed mode, sharing, tiered, compressed oops, compressed class ptrs, parallel gc, windows-amd64)
# No core dump will be written. Minidumps are not enabled by default on client versions of Windows
#

---------------  S U M M A R Y ------------

Command Line: --add-modules=ALL-SYSTEM --add-opens=java.base/java.util=ALL-UNNAMED --add-opens=java.base/java.lang=ALL-UNNAMED --add-opens=java.base/sun.nio.fs=ALL-UNNAMED -Declipse.application=org.eclipse.jdt.ls.core.id1 -Dosgi.bundles.defaultStartLevel=4 -Declipse.product=org.eclipse.jdt.ls.core.product -Djava.import.generatesMetadataFilesAtProjectRoot=false -DDetectVMInstallationsJob.disabled=true -Dfile.encoding=utf8 -XX:+UseParallelGC -XX:GCTimeRatio=4 -XX:AdaptiveSizePolicyWeight=90 -Dsun.zip.disableMemoryMapping=true -Xmx2G -Xms100m -Xlog:disable -javaagent:c:\Users\wesle\.vscode\extensions\redhat.java-1.55.0-win32-x64\lombok\lombok-1.18.39-4050.jar -XX:+HeapDumpOnOutOfMemoryError -XX:HeapDumpPath=c:\Users\wesle\AppData\Roaming\Code\User\workspaceStorage\13c0e3ac5bff17b1ce2782d5e6798a06\redhat.java -Daether.dependencyCollector.impl=bf c:\Users\wesle\.vscode\extensions\redhat.java-1.55.0-win32-x64\server\plugins\org.eclipse.equinox.launcher_1.7.200.v20260619-2039.jar -configuration c:\Users\wesle\AppData\Roaming\Code\User\globalStorage\redhat.java\1.55.0\config_win -data c:\Users\wesle\AppData\Roaming\Code\User\workspaceStorage\13c0e3ac5bff17b1ce2782d5e6798a06\redhat.java\jdt_ws --pipe=\\.\pipe\lsp-8edc669902cf02e2b7032068e46ee9c8-sock

Host: 13th Gen Intel(R) Core(TM) i5-1335U, 12 cores, 7G,  Windows 11 , 64 bit Build 26100 (10.0.26100.9278)
Time: Sat Aug 29 14:52:54 2026 Hora oficial do Brasil elapsed time: 16266.278817 seconds (0d 4h 31m 6s)

---------------  T H R E A D  ---------------

Current thread (0x000002b45644dda0):  JavaThread "Attach Listener" daemon [_thread_in_vm, id=12824, stack(0x000000efe4500000,0x000000efe4600000) (1024K)]

Stack: [0x000000efe4500000,0x000000efe4600000]
Native frames: (J=compiled Java code, j=interpreted, Vv=VM code, C=native code)
V  [jvm.dll+0x6d7e19]
V  [jvm.dll+0x8b5096]
V  [jvm.dll+0x8b764e]
V  [jvm.dll+0x8b7d33]
V  [jvm.dll+0x284596]
V  [jvm.dll+0xc13c7]
V  [jvm.dll+0x6d86c9]
V  [jvm.dll+0x133616]
V  [jvm.dll+0x3f868e]
V  [jvm.dll+0x85fb0d]
V  [jvm.dll+0x6d664d]
C  [ucrtbase.dll+0x2cd30]
C  [KERNEL32.DLL+0x2ccb7]
C  [ntdll.dll+0xacaec]


---------------  P R O C E S S  ---------------

Threads class SMR info:
_java_thread_list=0x000002b4ac01bc50, length=57, elements={
0x000002b43f9b81a0, 0x000002b456449380, 0x000002b45644a680, 0x000002b45644cc60,
0x000002b45644dda0, 0x000002b456451e70, 0x000002b456455520, 0x000002b45645e450,
0x000002b4988b5aa0, 0x000002b498acf540, 0x000002b498c04a70, 0x000002b49e6b8cb0,
0x000002b49e51da20, 0x000002b49e72b760, 0x000002b49e76c7c0, 0x000002b49eb7da70,
0x000002b49ea01c10, 0x000002b49e137010, 0x000002b49ef61dc0, 0x000002b49ef60a10,
0x000002b49ef60380, 0x000002b49ef62450, 0x000002b49ef5efd0, 0x000002b49ef62ae0,
0x000002b49ef64520, 0x000002b49ef63170, 0x000002b49ef61730, 0x000002b49ef610a0,
0x000002b49ef63e90, 0x000002b49ef658d0, 0x000002b49ef64bb0, 0x000002b49ef65f60,
0x000002b49ef65240, 0x000002b49ef665f0, 0x000002b49ef63800, 0x000002b4a0ee6b50,
0x000002b4a0d52e10, 0x000002b4a0d53b30, 0x000002b49ef5fcf0, 0x000002b4a09d8940,
0x000002b4a2944900, 0x000002b4a24c18a0, 0x000002b4a0ee71e0, 0x000002b4a0ee57a0,
0x000002b4a0ee3d60, 0x000002b4a0ee92b0, 0x000002b4a0ee7f00, 0x000002b4a0ee9940,
0x000002b4a0eeacf0, 0x000002b4a0ee9fd0, 0x000002b4a0eea660, 0x000002b4a0b8fa00,
0x000002b4a0b90090, 0x000002b4a0b8d930, 0x000002b4a0b8f370, 0x000002b4a0b8e650,
0x000002b4a0b90720
}

Java Threads: ( => current thread )
  0x000002b43f9b81a0 JavaThread "main"                              [_thread_blocked, id=25480, stack(0x000000efe3e00000,0x000000efe3f00000) (1024K)]
  0x000002b456449380 JavaThread "Reference Handler"          daemon [_thread_blocked, id=24392, stack(0x000000efe4200000,0x000000efe4300000) (1024K)]
  0x000002b45644a680 JavaThread "Finalizer"                  daemon [_thread_blocked, id=25440, stack(0x000000efe4300000,0x000000efe4400000) (1024K)]
  0x000002b45644cc60 JavaThread "Signal Dispatcher"          daemon [_thread_blocked, id=25804, stack(0x000000efe4400000,0x000000efe4500000) (1024K)]
=>0x000002b45644dda0 JavaThread "Attach Listener"            daemon [_thread_in_vm, id=12824, stack(0x000000efe4500000,0x000000efe4600000) (1024K)]
  0x000002b456451e70 JavaThread "Service Thread"             daemon [_thread_blocked, id=23864, stack(0x000000efe4600000,0x000000efe4700000) (1024K)]
  0x000002b456455520 JavaThread "Monitor Deflation Thread"   daemon [_thread_blocked, id=23572, stack(0x000000efe4700000,0x000000efe4800000) (1024K)]
  0x000002b45645e450 JavaThread "C2 CompilerThread0"         daemon [_thread_blocked, id=25876, stack(0x000000efe4800000,0x000000efe4900000) (1024K)]
  0x000002b4988b5aa0 JavaThread "C1 CompilerThread0"         daemon [_thread_blocked, id=25128, stack(0x000000efe4900000,0x000000efe4a00000) (1024K)]
  0x000002b498acf540 JavaThread "Common-Cleaner"             daemon [_thread_blocked, id=4996, stack(0x000000efe4a00000,0x000000efe4b00000) (1024K)]
  0x000002b498c04a70 JavaThread "Notification Thread"        daemon [_thread_blocked, id=18676, stack(0x000000efe4b00000,0x000000efe4c00000) (1024K)]
  0x000002b49e6b8cb0 JavaThread "Active Thread: Equinox Container: 5160f07a-01d8-4283-bbed-00cb1b384591"        [_thread_blocked, id=18804, stack(0x000000efe4c00000,0x000000efe4d00000) (1024K)]
  0x000002b49e51da20 JavaThread "Refresh Thread: Equinox Container: 5160f07a-01d8-4283-bbed-00cb1b384591" daemon [_thread_blocked, id=3272, stack(0x000000efe5400000,0x000000efe5500000) (1024K)]
  0x000002b49e72b760 JavaThread "Framework Event Dispatcher: Equinox Container: 5160f07a-01d8-4283-bbed-00cb1b384591" daemon [_thread_blocked, id=6316, stack(0x000000efe5500000,0x000000efe5600000) (1024K)]
  0x000002b49e76c7c0 JavaThread "Start Level: Equinox Container: 5160f07a-01d8-4283-bbed-00cb1b384591" daemon [_thread_blocked, id=21172, stack(0x000000efe5600000,0x000000efe5700000) (1024K)]
  0x000002b49eb7da70 JavaThread "Bundle File Closer"         daemon [_thread_blocked, id=25004, stack(0x000000efe5900000,0x000000efe5a00000) (1024K)]
  0x000002b49ea01c10 JavaThread "SCR Component Actor"        daemon [_thread_blocked, id=11380, stack(0x000000efe5a00000,0x000000efe5b00000) (1024K)]
  0x000002b49e137010 JavaThread "Worker-JM"                         [_thread_blocked, id=25940, stack(0x000000efe5b00000,0x000000efe5c00000) (1024K)]
  0x000002b49ef61dc0 JavaThread "Java indexing"              daemon [_thread_blocked, id=26260, stack(0x000000efe6100000,0x000000efe6200000) (1024K)]
  0x000002b49ef60a10 JavaThread "JNA Cleaner"                daemon [_thread_blocked, id=24148, stack(0x000000efe6200000,0x000000efe6300000) (1024K)]
  0x000002b49ef60380 JavaThread "Thread-1"                   daemon [_thread_in_native, id=25808, stack(0x000000efe6700000,0x000000efe6800000) (1024K)]
  0x000002b49ef62450 JavaThread "Thread-2"                   daemon [_thread_in_native, id=14052, stack(0x000000efe6800000,0x000000efe6900000) (1024K)]
  0x000002b49ef5efd0 JavaThread "Thread-3"                   daemon [_thread_in_native, id=21548, stack(0x000000efe6900000,0x000000efe6a00000) (1024K)]
  0x000002b49ef62ae0 JavaThread "Thread-4"                   daemon [_thread_in_native, id=10356, stack(0x000000efe6a00000,0x000000efe6b00000) (1024K)]
  0x000002b49ef64520 JavaThread "Thread-5"                   daemon [_thread_in_native, id=14132, stack(0x000000efe6b00000,0x000000efe6c00000) (1024K)]
  0x000002b49ef63170 JavaThread "Thread-6"                   daemon [_thread_in_native, id=11756, stack(0x000000efe6c00000,0x000000efe6d00000) (1024K)]
  0x000002b49ef61730 JavaThread "Thread-7"                   daemon [_thread_in_native, id=16452, stack(0x000000efe6d00000,0x000000efe6e00000) (1024K)]
  0x000002b49ef610a0 JavaThread "Thread-8"                   daemon [_thread_in_native, id=11040, stack(0x000000efe6e00000,0x000000efe6f00000) (1024K)]
  0x000002b49ef63e90 JavaThread "Thread-9"                   daemon [_thread_in_native, id=10496, stack(0x000000efe6f00000,0x000000efe7000000) (1024K)]
  0x000002b49ef658d0 JavaThread "Thread-10"                  daemon [_thread_in_native, id=23028, stack(0x000000efe7000000,0x000000efe7100000) (1024K)]
  0x000002b49ef64bb0 JavaThread "Thread-11"                  daemon [_thread_in_native, id=23252, stack(0x000000efe7100000,0x000000efe7200000) (1024K)]
  0x000002b49ef65f60 JavaThread "Thread-12"                  daemon [_thread_in_native, id=25428, stack(0x000000efe7200000,0x000000efe7300000) (1024K)]
  0x000002b49ef65240 JavaThread "Thread-13"                  daemon [_thread_in_native, id=17644, stack(0x000000efe7300000,0x000000efe7400000) (1024K)]
  0x000002b49ef665f0 JavaThread "pool-2-thread-1"                   [_thread_blocked, id=21520, stack(0x000000efe7400000,0x000000efe7500000) (1024K)]
  0x000002b49ef63800 JavaThread "WorkspaceEventsHandler"            [_thread_blocked, id=24736, stack(0x000000efe7600000,0x000000efe7700000) (1024K)]
  0x000002b4a0ee6b50 JavaThread "pool-1-thread-1"                   [_thread_blocked, id=18144, stack(0x000000efe7700000,0x000000efe7800000) (1024K)]
  0x000002b4a0d52e10 JavaThread "Cleaner-0"                  daemon [_thread_blocked, id=25260, stack(0x000000efe8b00000,0x000000efe8c00000) (1024K)]
  0x000002b4a0d53b30 JavaThread "Java Debug Server"          daemon [_thread_in_native, id=24484, stack(0x000000efe6600000,0x000000efe6700000) (1024K)]
  0x000002b49ef5fcf0 JavaThread "RxSchedulerPurge-1"         daemon [_thread_blocked, id=24764, stack(0x000000efe8e00000,0x000000efe8f00000) (1024K)]
  0x000002b4a09d8940 JavaThread "RxCachedWorkerPoolEvictor-1" daemon [_thread_blocked, id=14584, stack(0x000000efe8f00000,0x000000efe9000000) (1024K)]
  0x000002b4a2944900 JavaThread "Worker-45"                         [_thread_blocked, id=28156, stack(0x000000efe7e00000,0x000000efe7f00000) (1024K)]
  0x000002b4a24c18a0 JavaThread "pool-12-thread-8"                  [_thread_blocked, id=9376, stack(0x000000efe7500000,0x000000efe7600000) (1024K)]
  0x000002b4a0ee71e0 JavaThread "process reaper"             daemon [_thread_blocked, id=20668, stack(0x000000efe3770000,0x000000efe3790000) (128K)]
  0x000002b4a0ee57a0 JavaThread "ForkJoinPool.commonPool-worker-53" daemon [_thread_blocked, id=26560, stack(0x000000efe3b00000,0x000000efe3c00000) (1024K)]
  0x000002b4a0ee3d60 JavaThread "ForkJoinPool.commonPool-worker-54" daemon [_thread_blocked, id=21040, stack(0x000000efe3c00000,0x000000efe3d00000) (1024K)]
  0x000002b4a0ee92b0 JavaThread "PatternSearchJob-worker-24" daemon [_thread_blocked, id=20684, stack(0x000000efe3d00000,0x000000efe3e00000) (1024K)]
  0x000002b4a0ee7f00 JavaThread "ForkJoinPool.commonPool-worker-55" daemon [_thread_blocked, id=23004, stack(0x000000efe5c00000,0x000000efe5d00000) (1024K)]
  0x000002b4a0ee9940 JavaThread "PatternSearchJob-worker-25" daemon [_thread_blocked, id=22952, stack(0x000000efe5d00000,0x000000efe5e00000) (1024K)]
  0x000002b4a0eeacf0 JavaThread "PatternSearchJob-worker-26" daemon [_thread_blocked, id=22548, stack(0x000000efe5e00000,0x000000efe5f00000) (1024K)]
  0x000002b4a0ee9fd0 JavaThread "PatternSearchJob-worker-27" daemon [_thread_blocked, id=26904, stack(0x000000efe5f00000,0x000000efe6000000) (1024K)]
  0x000002b4a0eea660 JavaThread "PatternSearchJob-worker-28" daemon [_thread_blocked, id=28116, stack(0x000000efe6300000,0x000000efe6400000) (1024K)]
  0x000002b4a0b8fa00 JavaThread "PatternSearchJob-worker-29" daemon [_thread_blocked, id=3820, stack(0x000000efe6400000,0x000000efe6500000) (1024K)]
  0x000002b4a0b90090 JavaThread "PatternSearchJob-worker-30" daemon [_thread_blocked, id=15736, stack(0x000000efe6500000,0x000000efe6600000) (1024K)]
  0x000002b4a0b8d930 JavaThread "PatternSearchJob-worker-31" daemon [_thread_blocked, id=8908, stack(0x000000efe7800000,0x000000efe7900000) (1024K)]
  0x000002b4a0b8f370 JavaThread "Worker-58"                         [_thread_blocked, id=23132, stack(0x000000efe7900000,0x000000efe7a00000) (1024K)]
  0x000002b4a0b8e650 JavaThread "Compiler Source File Reader" daemon [_thread_blocked, id=4036, stack(0x000000efe7a00000,0x000000efe7b00000) (1024K)]
  0x000002b4a0b90720 JavaThread "ForkJoinPool.commonPool-worker-56" daemon [_thread_new, id=22748, stack(0x0000000000000000,0x0000000000000000) (0B)]
Total: 57

Other Threads:
  0x000002b43fa56bf0 VMThread "VM Thread"                           [id=24848, stack(0x000000efe4100000,0x000000efe4200000) (1024K)] _threads_hazard_ptr=0x000002b4ac01bc50
  0x000002b45633ca00 WatcherThread "VM Periodic Task Thread"        [id=19416, stack(0x000000efe4000000,0x000000efe4100000) (1024K)]
  0x000002b43f9d6520 WorkerThread "GC Thread#0"                     [id=11292, stack(0x000000efe3f00000,0x000000efe4000000) (1024K)]
  0x000002b49e593dc0 WorkerThread "GC Thread#1"                     [id=24956, stack(0x000000efe4d00000,0x000000efe4e00000) (1024K)]
  0x000002b49e594170 WorkerThread "GC Thread#2"                     [id=584, stack(0x000000efe4e00000,0x000000efe4f00000) (1024K)]
  0x000002b49e391b40 WorkerThread "GC Thread#3"                     [id=16104, stack(0x000000efe4f00000,0x000000efe5000000) (1024K)]
  0x000002b49e391ef0 WorkerThread "GC Thread#4"                     [id=25548, stack(0x000000efe5000000,0x000000efe5100000) (1024K)]
  0x000002b49e3922a0 WorkerThread "GC Thread#5"                     [id=23524, stack(0x000000efe5100000,0x000000efe5200000) (1024K)]
  0x000002b49e392650 WorkerThread "GC Thread#6"                     [id=19336, stack(0x000000efe5200000,0x000000efe5300000) (1024K)]
  0x000002b49e01e4e0 WorkerThread "GC Thread#7"                     [id=13984, stack(0x000000efe5300000,0x000000efe5400000) (1024K)]
  0x000002b49e84b350 WorkerThread "GC Thread#8"                     [id=4304, stack(0x000000efe5700000,0x000000efe5800000) (1024K)]
  0x000002b49e84b910 WorkerThread "GC Thread#9"                     [id=24912, stack(0x000000efe5800000,0x000000efe5900000) (1024K)]
Total: 12

Threads with active compile tasks:
Total: 0

VM state: synchronizing (normal execution)

VM Mutex/Monitor currently owned by a thread:  ([mutex/lock_event])
[0x00007ff919b5f570] Threads_lock - owner thread: 0x000002b43fa56bf0

Heap address: 0x0000000080000000, size: 2048 MB, Compressed Oops mode: 32-bit

CDS archive(s) mapped at: [0x000002b457000000-0x000002b457ba0000-0x000002b457ba0000), size 12189696, SharedBaseAddress: 0x000002b457000000, ArchiveRelocationMode: 1.
Compressed class space mapped at: 0x000002b458000000-0x000002b498000000, reserved size: 1073741824
Narrow klass base: 0x000002b457000000, Narrow klass shift: 0, Narrow klass range: 0x100000000

GC Precious Log:
 CardTable entry size: 512
 CPUs: 12 total, 12 available
 Memory: 7875M
 Large Page Support: Disabled
 NUMA Support: Disabled
 Compressed Oops: Enabled (32-bit)
 Alignments: Space 512K, Generation 512K, Heap 2M
 Heap Min Capacity: 100M
 Heap Initial Capacity: 100M
 Heap Max Capacity: 2G
 Pre-touch: Disabled
 Parallel Workers: 10

Heap:
 PSYoungGen      total 9728K, used 7559K [0x00000000d5580000, 0x00000000d6400000, 0x0000000100000000)
  eden space 9216K, 78% used [0x00000000d5580000,0x00000000d5c93420,0x00000000d5e80000)
  from space 512K, 61% used [0x00000000d6380000,0x00000000d63ce900,0x00000000d6400000)
  to   space 512K, 0% used [0x00000000d6300000,0x00000000d6300000,0x00000000d6380000)
 ParOldGen       total 1166336K, used 1165843K [0x0000000080000000, 0x00000000c7300000, 0x00000000d5580000)
  object space 1166336K, 99% used [0x0000000080000000,0x00000000c7284f88,0x00000000c7300000)
 Metaspace       used 107288K, committed 109248K, reserved 1179648K
  class space    used 10933K, committed 11840K, reserved 1048576K

Card table byte_map: [0x000002b43f360000,0x000002b43f770000] _byte_map_base: 0x000002b43ef60000

Marking Bits: (ParMarkBitMap*) 0x00007ff919b64460
 Begin Bits: [0x000002b451e60000, 0x000002b453e60000)
 End Bits:   [0x000002b453e60000, 0x000002b455e60000)

Polling page: 0x000002b43dba0000

Metaspace:

Usage:
  Non-class:     94.10 MB used.
      Class:     10.68 MB used.
       Both:    104.77 MB used.

Virtual space:
  Non-class space:      128.00 MB reserved,      95.12 MB ( 74%) committed,  2 nodes.
      Class space:        1.00 GB reserved,      11.56 MB (  1%) committed,  1 nodes.
             Both:        1.12 GB reserved,     106.69 MB (  9%) committed. 

Chunk freelists:
   Non-Class:  129.00 KB
       Class:  4.50 MB
        Both:  4.62 MB

MaxMetaspaceSize: unlimited
CompressedClassSpaceSize: 1.00 GB
Initial GC threshold: 21.00 MB
Current GC threshold: 174.00 MB
CDS: on
 - commit_granule_bytes: 65536.
 - commit_granule_words: 8192.
 - virtual_space_node_default_size: 8388608.
 - enlarge_chunks_in_place: 1.
 - use_allocation_guard: 0.


Internal statistics:

num_allocs_failed_limit: 11.
num_arena_births: 2326.
num_arena_deaths: 468.
num_vsnodes_births: 3.
num_vsnodes_deaths: 0.
num_space_committed: 1710.
num_space_uncommitted: 3.
num_chunks_returned_to_freelist: 568.
num_chunks_taken_from_freelist: 8172.
num_chunk_merges: 122.
num_chunk_splits: 4603.
num_chunks_enlarged: 2375.
num_inconsistent_stats: 0.

CodeHeap 'non-profiled nmethods': size=120000Kb used=29768Kb max_used=31055Kb free=90231Kb
 bounds [0x000002b44a680000, 0x000002b44c510000, 0x000002b451bb0000]
CodeHeap 'profiled nmethods': size=120000Kb used=55851Kb max_used=61351Kb free=64148Kb
 bounds [0x000002b442bb0000, 0x000002b4467a0000, 0x000002b44a0e0000]
CodeHeap 'non-nmethods': size=5760Kb used=1566Kb max_used=1633Kb free=4193Kb
 bounds [0x000002b44a0e0000, 0x000002b44a350000, 0x000002b44a680000]
CodeCache: size=245760Kb, used=87185Kb, max_used=94039Kb, free=158572Kb
 total_blobs=22145, nmethods=21251, adapters=794, full_count=0
Compilation: enabled, stopped_count=0, restarted_count=0

Compilation events (20 events):
Event: 16222.469 Thread 0x000002b45645e450 32635   !   4       sun.nio.cs.SingleByte$Encoder::encodeBufferLoop (183 bytes)
Event: 16222.536 Thread 0x000002b45645e450 nmethod 32635 0x000002b44b2efe90 code [0x000002b44b2f0060, 0x000002b44b2f06c0]
Event: 16226.028 Thread 0x000002b4988b5aa0 32636       3       org.eclipse.jdt.internal.core.NamedMember::getFullyQualifiedName (39 bytes)
Event: 16226.077 Thread 0x000002b4988b5aa0 nmethod 32636 0x000002b44535b210 code [0x000002b44535b620, 0x000002b44535d6b8]
Event: 16226.180 Thread 0x000002b45645e450 32637       4       org.eclipse.jdt.internal.core.search.IndexSelector$$Lambda/0x000002b458a8abd0::test (12 bytes)
Event: 16226.359 Thread 0x000002b45645e450 nmethod 32637 0x000002b44afcd110 code [0x000002b44afcd3e0, 0x000002b44afce468]
Event: 16226.949 Thread 0x000002b4988b5aa0 32638       3       lombok.core.handlers.HandlerUtil::getConstructorParameterJavadoc (75 bytes)
Event: 16226.970 Thread 0x000002b4988b5aa0 nmethod 32638 0x000002b445454990 code [0x000002b445454c20, 0x000002b445455648]
Event: 16226.970 Thread 0x000002b4988b5aa0 32639       3       lombok.core.handlers.HandlerUtil::getParamJavadoc (62 bytes)
Event: 16226.977 Thread 0x000002b4988b5aa0 nmethod 32639 0x000002b445712310 code [0x000002b4457125a0, 0x000002b445712e38]
Event: 16227.809 Thread 0x000002b45645e450 32640       4       org.eclipse.jdt.internal.compiler.lookup.SourceTypeBinding::storeAnnotations (28 bytes)
Event: 16227.986 Thread 0x000002b45645e450 nmethod 32640 0x000002b44c094490 code [0x000002b44c094720, 0x000002b44c095580]
Event: 16228.763 Thread 0x000002b4988b5aa0 32641   !   3       org.eclipse.jdt.internal.compiler.lookup.Scope::getField (104 bytes)
Event: 16228.774 Thread 0x000002b4988b5aa0 nmethod 32641 0x000002b4448a8010 code [0x000002b4448a8220, 0x000002b4448a8a30]
Event: 16228.807 Thread 0x000002b45645e450 32642       4       org.eclipse.jdt.internal.compiler.lookup.PackageBinding::getTypeOrPackage (368 bytes)
Event: 16233.315 Thread 0x000002b45645e450 nmethod 32642 0x000002b44c090b90 code [0x000002b44c090fa0, 0x000002b44c0930a8]
Event: 16246.600 Thread 0x000002b45645e450 32643       4       sun.invoke.util.Wrapper::forPrimitiveType (122 bytes)
Event: 16246.607 Thread 0x000002b45645e450 nmethod 32643 0x000002b44aae7190 code [0x000002b44aae7340, 0x000002b44aae74d0]
Event: 16246.640 Thread 0x000002b45645e450 32644       4       java.lang.invoke.LambdaForm$MH/0x000002b4583c0400::invokeExact_MT (23 bytes)
Event: 16246.650 Thread 0x000002b45645e450 nmethod 32644 0x000002b44aae6990 code [0x000002b44aae6b40, 0x000002b44aae6d00]

GC Heap History (20 events):
Event: 16179.125 GC heap before
{Heap before GC invocations=4717 (full 7):
 PSYoungGen      total 7680K, used 7264K [0x00000000d5580000, 0x00000000d6100000, 0x0000000100000000)
  eden space 6144K, 100% used [0x00000000d5580000,0x00000000d5b80000,0x00000000d5b80000)
  from space 1536K, 72% used [0x00000000d5f80000,0x00000000d6098000,0x00000000d6100000)
  to   space 2048K, 0% used [0x00000000d5d00000,0x00000000d5d00000,0x00000000d5f00000)
 ParOldGen       total 1135104K, used 1134621K [0x0000000080000000, 0x00000000c5480000, 0x00000000d5580000)
  object space 1135104K, 99% used [0x0000000080000000,0x00000000c5407448,0x00000000c5480000)
 Metaspace       used 107250K, committed 109248K, reserved 1179648K
  class space    used 10930K, committed 11840K, reserved 1048576K
}
Event: 16179.143 GC heap after
{Heap after GC invocations=4717 (full 7):
 PSYoungGen      total 8192K, used 2031K [0x00000000d5580000, 0x00000000d6780000, 0x0000000100000000)
  eden space 6144K, 0% used [0x00000000d5580000,0x00000000d5580000,0x00000000d5b80000)
  from space 2048K, 99% used [0x00000000d5d00000,0x00000000d5efbd60,0x00000000d5f00000)
  to   space 6144K, 0% used [0x00000000d6180000,0x00000000d6180000,0x00000000d6780000)
 ParOldGen       total 1137664K, used 1137617K [0x0000000080000000, 0x00000000c5700000, 0x00000000d5580000)
  object space 1137664K, 99% used [0x0000000080000000,0x00000000c56f46f0,0x00000000c5700000)
 Metaspace       used 107250K, committed 109248K, reserved 1179648K
  class space    used 10930K, committed 11840K, reserved 1048576K
}
Event: 16179.204 GC heap before
{Heap before GC invocations=4718 (full 7):
 PSYoungGen      total 8192K, used 8175K [0x00000000d5580000, 0x00000000d6780000, 0x0000000100000000)
  eden space 6144K, 100% used [0x00000000d5580000,0x00000000d5b80000,0x00000000d5b80000)
  from space 2048K, 99% used [0x00000000d5d00000,0x00000000d5efbd60,0x00000000d5f00000)
  to   space 6144K, 0% used [0x00000000d6180000,0x00000000d6180000,0x00000000d6780000)
 ParOldGen       total 1137664K, used 1137617K [0x0000000080000000, 0x00000000c5700000, 0x00000000d5580000)
  object space 1137664K, 99% used [0x0000000080000000,0x00000000c56f46f0,0x00000000c5700000)
 Metaspace       used 107251K, committed 109248K, reserved 1179648K
  class space    used 10930K, committed 11840K, reserved 1048576K
}
Event: 16179.223 GC heap after
{Heap after GC invocations=4718 (full 7):
 PSYoungGen      total 12288K, used 5728K [0x00000000d5580000, 0x00000000d6780000, 0x0000000100000000)
  eden space 6144K, 0% used [0x00000000d5580000,0x00000000d5580000,0x00000000d5b80000)
  from space 6144K, 93% used [0x00000000d6180000,0x00000000d6718000,0x00000000d6780000)
  to   space 6144K, 0% used [0x00000000d5b80000,0x00000000d5b80000,0x00000000d6180000)
 ParOldGen       total 1139712K, used 1139665K [0x0000000080000000, 0x00000000c5900000, 0x00000000d5580000)
  object space 1139712K, 99% used [0x0000000080000000,0x00000000c58f4460,0x00000000c5900000)
 Metaspace       used 107251K, committed 109248K, reserved 1179648K
  class space    used 10930K, committed 11840K, reserved 1048576K
}
Event: 16179.268 GC heap before
{Heap before GC invocations=4719 (full 7):
 PSYoungGen      total 12288K, used 11710K [0x00000000d5580000, 0x00000000d6780000, 0x0000000100000000)
  eden space 6144K, 97% used [0x00000000d5580000,0x00000000d5b57af8,0x00000000d5b80000)
  from space 6144K, 93% used [0x00000000d6180000,0x00000000d6718000,0x00000000d6780000)
  to   space 6144K, 0% used [0x00000000d5b80000,0x00000000d5b80000,0x00000000d6180000)
 ParOldGen       total 1139712K, used 1139665K [0x0000000080000000, 0x00000000c5900000, 0x00000000d5580000)
  object space 1139712K, 99% used [0x0000000080000000,0x00000000c58f4460,0x00000000c5900000)
 Metaspace       used 107251K, committed 109248K, reserved 1179648K
  class space    used 10930K, committed 11840K, reserved 1048576K
}
Event: 16179.289 GC heap after
{Heap after GC invocations=4719 (full 7):
 PSYoungGen      total 11776K, used 5508K [0x00000000d5580000, 0x00000000d6680000, 0x0000000100000000)
  eden space 6144K, 0% used [0x00000000d5580000,0x00000000d5580000,0x00000000d5b80000)
  from space 5632K, 97% used [0x00000000d5b80000,0x00000000d60e1000,0x00000000d6100000)
  to   space 5632K, 0% used [0x00000000d6100000,0x00000000d6100000,0x00000000d6680000)
 ParOldGen       total 1145344K, used 1145329K [0x0000000080000000, 0x00000000c5e80000, 0x00000000d5580000)
  object space 1145344K, 99% used [0x0000000080000000,0x00000000c5e7c460,0x00000000c5e80000)
 Metaspace       used 107251K, committed 109248K, reserved 1179648K
  class space    used 10930K, committed 11840K, reserved 1048576K
}
Event: 16179.426 GC heap before
{Heap before GC invocations=4720 (full 7):
 PSYoungGen      total 11776K, used 11642K [0x00000000d5580000, 0x00000000d6680000, 0x0000000100000000)
  eden space 6144K, 99% used [0x00000000d5580000,0x00000000d5b7db90,0x00000000d5b80000)
  from space 5632K, 97% used [0x00000000d5b80000,0x00000000d60e1000,0x00000000d6100000)
  to   space 5632K, 0% used [0x00000000d6100000,0x00000000d6100000,0x00000000d6680000)
 ParOldGen       total 1145344K, used 1145329K [0x0000000080000000, 0x00000000c5e80000, 0x00000000d5580000)
  object space 1145344K, 99% used [0x0000000080000000,0x00000000c5e7c460,0x00000000c5e80000)
 Metaspace       used 107251K, committed 109248K, reserved 1179648K
  class space    used 10930K, committed 11840K, reserved 1048576K
}
Event: 16179.460 GC heap after
{Heap after GC invocations=4720 (full 7):
 PSYoungGen      total 10752K, used 4450K [0x00000000d5580000, 0x00000000d6580000, 0x0000000100000000)
  eden space 6144K, 0% used [0x00000000d5580000,0x00000000d5580000,0x00000000d5b80000)
  from space 4608K, 96% used [0x00000000d6100000,0x00000000d65589b0,0x00000000d6580000)
  to   space 5120K, 0% used [0x00000000d5b80000,0x00000000d5b80000,0x00000000d6080000)
 ParOldGen       total 1150464K, used 1150313K [0x0000000080000000, 0x00000000c6380000, 0x00000000d5580000)
  object space 1150464K, 99% used [0x0000000080000000,0x00000000c635a460,0x00000000c6380000)
 Metaspace       used 107251K, committed 109248K, reserved 1179648K
  class space    used 10930K, committed 11840K, reserved 1048576K
}
Event: 16179.505 GC heap before
{Heap before GC invocations=4721 (full 7):
 PSYoungGen      total 10752K, used 10594K [0x00000000d5580000, 0x00000000d6580000, 0x0000000100000000)
  eden space 6144K, 100% used [0x00000000d5580000,0x00000000d5b80000,0x00000000d5b80000)
  from space 4608K, 96% used [0x00000000d6100000,0x00000000d65589b0,0x00000000d6580000)
  to   space 5120K, 0% used [0x00000000d5b80000,0x00000000d5b80000,0x00000000d6080000)
 ParOldGen       total 1150464K, used 1150313K [0x0000000080000000, 0x00000000c6380000, 0x00000000d5580000)
  object space 1150464K, 99% used [0x0000000080000000,0x00000000c635a460,0x00000000c6380000)
 Metaspace       used 107252K, committed 109248K, reserved 1179648K
  class space    used 10930K, committed 11840K, reserved 1048576K
}
Event: 16179.596 GC heap after
{Heap after GC invocations=4721 (full 7):
 PSYoungGen      total 11264K, used 5120K [0x00000000d5580000, 0x00000000d7400000, 0x0000000100000000)
  eden space 6144K, 0% used [0x00000000d5580000,0x00000000d5580000,0x00000000d5b80000)
  from space 5120K, 100% used [0x00000000d5b80000,0x00000000d6080000,0x00000000d6080000)
  to   space 11776K, 0% used [0x00000000d6880000,0x00000000d6880000,0x00000000d7400000)
 ParOldGen       total 1156096K, used 1155627K [0x0000000080000000, 0x00000000c6900000, 0x00000000d5580000)
  object space 1156096K, 99% used [0x0000000080000000,0x00000000c688ae40,0x00000000c6900000)
 Metaspace       used 107252K, committed 109248K, reserved 1179648K
  class space    used 10930K, committed 11840K, reserved 1048576K
}
Event: 16179.979 GC heap before
{Heap before GC invocations=4722 (full 7):
 PSYoungGen      total 11264K, used 10607K [0x00000000d5580000, 0x00000000d7400000, 0x0000000100000000)
  eden space 6144K, 89% used [0x00000000d5580000,0x00000000d5adbc28,0x00000000d5b80000)
  from space 5120K, 100% used [0x00000000d5b80000,0x00000000d6080000,0x00000000d6080000)
  to   space 11776K, 0% used [0x00000000d6880000,0x00000000d6880000,0x00000000d7400000)
 ParOldGen       total 1156096K, used 1155627K [0x0000000080000000, 0x00000000c6900000, 0x00000000d5580000)
  object space 1156096K, 99% used [0x0000000080000000,0x00000000c688ae40,0x00000000c6900000)
 Metaspace       used 107256K, committed 109248K, reserved 1179648K
  class space    used 10930K, committed 11840K, reserved 1048576K
}
Event: 16180.012 GC heap after
{Heap after GC invocations=4722 (full 7):
 PSYoungGen      total 11776K, used 4088K [0x00000000d5580000, 0x00000000d6c80000, 0x0000000100000000)
  eden space 7680K, 0% used [0x00000000d5580000,0x00000000d5580000,0x00000000d5d00000)
  from space 4096K, 99% used [0x00000000d6880000,0x00000000d6c7e370,0x00000000d6c80000)
  to   space 6656K, 0% used [0x00000000d5f80000,0x00000000d5f80000,0x00000000d6600000)
 ParOldGen       total 1161216K, used 1160819K [0x0000000080000000, 0x00000000c6e00000, 0x00000000d5580000)
  object space 1161216K, 99% used [0x0000000080000000,0x00000000c6d9ce50,0x00000000c6e00000)
 Metaspace       used 107256K, committed 109248K, reserved 1179648K
  class space    used 10930K, committed 11840K, reserved 1048576K
}
Event: 16180.190 GC heap before
{Heap before GC invocations=4723 (full 7):
 PSYoungGen      total 11776K, used 11768K [0x00000000d5580000, 0x00000000d6c80000, 0x0000000100000000)
  eden space 7680K, 99% used [0x00000000d5580000,0x00000000d5cffff8,0x00000000d5d00000)
  from space 4096K, 99% used [0x00000000d6880000,0x00000000d6c7e370,0x00000000d6c80000)
  to   space 6656K, 0% used [0x00000000d5f80000,0x00000000d5f80000,0x00000000d6600000)
 ParOldGen       total 1161216K, used 1160819K [0x0000000080000000, 0x00000000c6e00000, 0x00000000d5580000)
  object space 1161216K, 99% used [0x0000000080000000,0x00000000c6d9ce50,0x00000000c6e00000)
 Metaspace       used 107257K, committed 109248K, reserved 1179648K
  class space    used 10930K, committed 11840K, reserved 1048576K
}
Event: 16180.213 GC heap after
{Heap after GC invocations=4723 (full 7):
 PSYoungGen      total 13824K, used 4098K [0x00000000d5580000, 0x00000000d6900000, 0x0000000100000000)
  eden space 9216K, 0% used [0x00000000d5580000,0x00000000d5580000,0x00000000d5e80000)
  from space 4608K, 88% used [0x00000000d5f80000,0x00000000d63809c0,0x00000000d6400000)
  to   space 4608K, 0% used [0x00000000d6480000,0x00000000d6480000,0x00000000d6900000)
 ParOldGen       total 1164800K, used 1164777K [0x0000000080000000, 0x00000000c7180000, 0x00000000d5580000)
  object space 1164800K, 99% used [0x0000000080000000,0x00000000c717a598,0x00000000c7180000)
 Metaspace       used 107257K, committed 109248K, reserved 1179648K
  class space    used 10930K, committed 11840K, reserved 1048576K
}
Event: 16219.704 GC heap before
{Heap before GC invocations=4724 (full 7):
 PSYoungGen      total 13824K, used 13166K [0x00000000d5580000, 0x00000000d6900000, 0x0000000100000000)
  eden space 9216K, 98% used [0x00000000d5580000,0x00000000d5e5b198,0x00000000d5e80000)
  from space 4608K, 88% used [0x00000000d5f80000,0x00000000d63809c0,0x00000000d6400000)
  to   space 4608K, 0% used [0x00000000d6480000,0x00000000d6480000,0x00000000d6900000)
 ParOldGen       total 1164800K, used 1164777K [0x0000000080000000, 0x00000000c7180000, 0x00000000d5580000)
  object space 1164800K, 99% used [0x0000000080000000,0x00000000c717a598,0x00000000c7180000)
 Metaspace       used 107271K, committed 109248K, reserved 1179648K
  class space    used 10930K, committed 11840K, reserved 1048576K
}
Event: 16219.892 GC heap after
{Heap after GC invocations=4724 (full 7):
 PSYoungGen      total 11264K, used 1931K [0x00000000d5580000, 0x00000000d6680000, 0x0000000100000000)
  eden space 9216K, 0% used [0x00000000d5580000,0x00000000d5580000,0x00000000d5e80000)
  from space 2048K, 94% used [0x00000000d6480000,0x00000000d6662e40,0x00000000d6680000)
  to   space 3072K, 0% used [0x00000000d6080000,0x00000000d6080000,0x00000000d6380000)
 ParOldGen       total 1165824K, used 1165321K [0x0000000080000000, 0x00000000c7280000, 0x00000000d5580000)
  object space 1165824K, 99% used [0x0000000080000000,0x00000000c7202598,0x00000000c7280000)
 Metaspace       used 107271K, committed 109248K, reserved 1179648K
  class space    used 10930K, committed 11840K, reserved 1048576K
}
Event: 16225.845 GC heap before
{Heap before GC invocations=4725 (full 7):
 PSYoungGen      total 11264K, used 11147K [0x00000000d5580000, 0x00000000d6680000, 0x0000000100000000)
  eden space 9216K, 100% used [0x00000000d5580000,0x00000000d5e80000,0x00000000d5e80000)
  from space 2048K, 94% used [0x00000000d6480000,0x00000000d6662e40,0x00000000d6680000)
  to   space 3072K, 0% used [0x00000000d6080000,0x00000000d6080000,0x00000000d6380000)
 ParOldGen       total 1165824K, used 1165321K [0x0000000080000000, 0x00000000c7280000, 0x00000000d5580000)
  object space 1165824K, 99% used [0x0000000080000000,0x00000000c7202598,0x00000000c7280000)
 Metaspace       used 107272K, committed 109248K, reserved 1179648K
  class space    used 10930K, committed 11840K, reserved 1048576K
}
Event: 16225.857 GC heap after
{Heap after GC invocations=4725 (full 7):
 PSYoungGen      total 12288K, used 346K [0x00000000d5580000, 0x00000000d6500000, 0x0000000100000000)
  eden space 9216K, 0% used [0x00000000d5580000,0x00000000d5580000,0x00000000d5e80000)
  from space 3072K, 11% used [0x00000000d6080000,0x00000000d60d6900,0x00000000d6380000)
  to   space 1536K, 0% used [0x00000000d6380000,0x00000000d6380000,0x00000000d6500000)
 ParOldGen       total 1165824K, used 1165639K [0x0000000080000000, 0x00000000c7280000, 0x00000000d5580000)
  object space 1165824K, 99% used [0x0000000080000000,0x00000000c7251d48,0x00000000c7280000)
 Metaspace       used 107272K, committed 109248K, reserved 1179648K
  class space    used 10930K, committed 11840K, reserved 1048576K
}
Event: 16226.203 GC heap before
{Heap before GC invocations=4726 (full 7):
 PSYoungGen      total 12288K, used 9562K [0x00000000d5580000, 0x00000000d6500000, 0x0000000100000000)
  eden space 9216K, 100% used [0x00000000d5580000,0x00000000d5e80000,0x00000000d5e80000)
  from space 3072K, 11% used [0x00000000d6080000,0x00000000d60d6900,0x00000000d6380000)
  to   space 1536K, 0% used [0x00000000d6380000,0x00000000d6380000,0x00000000d6500000)
 ParOldGen       total 1165824K, used 1165639K [0x0000000080000000, 0x00000000c7280000, 0x00000000d5580000)
  object space 1165824K, 99% used [0x0000000080000000,0x00000000c7251d48,0x00000000c7280000)
 Metaspace       used 107272K, committed 109248K, reserved 1179648K
  class space    used 10930K, committed 11840K, reserved 1048576K
}
Event: 16226.216 GC heap after
{Heap after GC invocations=4726 (full 7):
 PSYoungGen      total 9728K, used 314K [0x00000000d5580000, 0x00000000d6400000, 0x0000000100000000)
  eden space 9216K, 0% used [0x00000000d5580000,0x00000000d5580000,0x00000000d5e80000)
  from space 512K, 61% used [0x00000000d6380000,0x00000000d63ce900,0x00000000d6400000)
  to   space 512K, 0% used [0x00000000d6300000,0x00000000d6300000,0x00000000d6380000)
 ParOldGen       total 1166336K, used 1165843K [0x0000000080000000, 0x00000000c7300000, 0x00000000d5580000)
  object space 1166336K, 99% used [0x0000000080000000,0x00000000c7284f88,0x00000000c7300000)
 Metaspace       used 107272K, committed 109248K, reserved 1179648K
  class space    used 10930K, committed 11840K, reserved 1048576K
}

Dll operation events (14 events):
Event: 0.040 Loaded shared library c:\Users\wesle\.vscode\extensions\redhat.java-1.55.0-win32-x64\jre\21.0.11-win32-x86_64\bin\java.dll
Event: 0.248 Loaded shared library c:\Users\wesle\.vscode\extensions\redhat.java-1.55.0-win32-x64\jre\21.0.11-win32-x86_64\bin\zip.dll
Event: 0.369 Loaded shared library C:\Users\wesle\.vscode\extensions\redhat.java-1.55.0-win32-x64\jre\21.0.11-win32-x86_64\bin\instrument.dll
Event: 0.396 Loaded shared library C:\Users\wesle\.vscode\extensions\redhat.java-1.55.0-win32-x64\jre\21.0.11-win32-x86_64\bin\net.dll
Event: 0.411 Loaded shared library C:\Users\wesle\.vscode\extensions\redhat.java-1.55.0-win32-x64\jre\21.0.11-win32-x86_64\bin\nio.dll
Event: 0.425 Loaded shared library C:\Users\wesle\.vscode\extensions\redhat.java-1.55.0-win32-x64\jre\21.0.11-win32-x86_64\bin\zip.dll
Event: 0.540 Loaded shared library C:\Users\wesle\.vscode\extensions\redhat.java-1.55.0-win32-x64\jre\21.0.11-win32-x86_64\bin\jimage.dll
Event: 1.589 Loaded shared library c:\Users\wesle\.vscode\extensions\redhat.java-1.55.0-win32-x64\jre\21.0.11-win32-x86_64\bin\verify.dll
Event: 9.302 Loaded shared library C:\Users\wesle\AppData\Roaming\Code\User\globalStorage\redhat.java\1.55.0\config_win\org.eclipse.equinox.launcher\org.eclipse.equinox.launcher.win32.win32.x86_64_1.3.100.v20260613-0559\eclipse_11924.dll
Event: 27.535 Loaded shared library C:\Users\wesle\.vscode\extensions\redhat.java-1.55.0-win32-x64\jre\21.0.11-win32-x86_64\bin\management.dll
Event: 27.551 Loaded shared library C:\Users\wesle\.vscode\extensions\redhat.java-1.55.0-win32-x64\jre\21.0.11-win32-x86_64\bin\management_ext.dll
Event: 45.692 Loaded shared library C:\Users\wesle\AppData\Local\Temp\jna-113021854\jna3427859862961257829.dll
Event: 46.817 Loaded shared library C:\Users\wesle\.vscode\extensions\redhat.java-1.55.0-win32-x64\jre\21.0.11-win32-x86_64\bin\sunmscapi.dll
Event: 48.824 Loaded shared library C:\Users\wesle\.vscode\extensions\redhat.java-1.55.0-win32-x64\jre\21.0.11-win32-x86_64\bin\extnet.dll

Deoptimization events (20 events):
Event: 16175.820 Thread 0x000002b4a0ee6b50 DEOPT PACKING pc=0x000002b44bddca40 sp=0x000000efe77fdea0
Event: 16175.820 Thread 0x000002b4a0ee6b50 DEOPT UNPACKING pc=0x000002b44a133aa2 sp=0x000000efe77fde30 mode 2
Event: 16177.822 Thread 0x000002b4a0ee3d60 Uncommon trap: trap_request=0xffffffde fr.pc=0x000002b44b9362a4 relative=0x0000000000003a44
Event: 16177.822 Thread 0x000002b4a0ee3d60 Uncommon trap: reason=class_check action=maybe_recompile pc=0x000002b44b9362a4 method=org.eclipse.jdt.internal.compiler.lookup.LookupEnvironment.askForType(Lorg/eclipse/jdt/internal/compiler/lookup/PackageBinding;[CLorg/eclipse/jdt/internal/compiler/looku
Event: 16177.822 Thread 0x000002b4a0ee3d60 DEOPT PACKING pc=0x000002b44b9362a4 sp=0x000000efe3cfdf60
Event: 16177.823 Thread 0x000002b4a0ee3d60 DEOPT UNPACKING pc=0x000002b44a133aa2 sp=0x000000efe3cfdf20 mode 2
Event: 16177.873 Thread 0x000002b4a0ee3d60 Uncommon trap: trap_request=0xffffffde fr.pc=0x000002b44b9362a4 relative=0x0000000000003a44
Event: 16177.873 Thread 0x000002b4a0ee3d60 Uncommon trap: reason=class_check action=maybe_recompile pc=0x000002b44b9362a4 method=org.eclipse.jdt.internal.compiler.lookup.LookupEnvironment.askForType(Lorg/eclipse/jdt/internal/compiler/lookup/PackageBinding;[CLorg/eclipse/jdt/internal/compiler/looku
Event: 16177.873 Thread 0x000002b4a0ee3d60 DEOPT PACKING pc=0x000002b44b9362a4 sp=0x000000efe3cfdf60
Event: 16177.874 Thread 0x000002b4a0ee3d60 DEOPT UNPACKING pc=0x000002b44a133aa2 sp=0x000000efe3cfdf20 mode 2
Event: 16177.880 Thread 0x000002b4a0ee3d60 Uncommon trap: trap_request=0xffffffde fr.pc=0x000002b44b9362a4 relative=0x0000000000003a44
Event: 16177.880 Thread 0x000002b4a0ee3d60 Uncommon trap: reason=class_check action=maybe_recompile pc=0x000002b44b9362a4 method=org.eclipse.jdt.internal.compiler.lookup.LookupEnvironment.askForType(Lorg/eclipse/jdt/internal/compiler/lookup/PackageBinding;[CLorg/eclipse/jdt/internal/compiler/looku
Event: 16177.880 Thread 0x000002b4a0ee3d60 DEOPT PACKING pc=0x000002b44b9362a4 sp=0x000000efe3cfdf60
Event: 16177.881 Thread 0x000002b4a0ee3d60 DEOPT UNPACKING pc=0x000002b44a133aa2 sp=0x000000efe3cfdf20 mode 2
Event: 16222.468 Thread 0x000002b4a0b90db0 DEOPT PACKING pc=0x000002b443a7ba87 sp=0x000000efe7cfe690
Event: 16222.470 Thread 0x000002b4a0b90db0 DEOPT UNPACKING pc=0x000002b44a134242 sp=0x000000efe7cfdb58 mode 0
Event: 16245.870 Thread 0x000002b4a0b93510 Uncommon trap: trap_request=0xffffffde fr.pc=0x000002b44af1942c relative=0x000000000000120c
Event: 16245.871 Thread 0x000002b4a0b93510 Uncommon trap: reason=class_check action=maybe_recompile pc=0x000002b44af1942c method=java.util.concurrent.CompletableFuture.uniExceptionally(Ljava/lang/Object;Ljava/util/function/Function;Ljava/util/concurrent/CompletableFuture$UniExceptionally;)Z @ 44 c
Event: 16245.871 Thread 0x000002b4a0b93510 DEOPT PACKING pc=0x000002b44af1942c sp=0x000000efe7ffeb80
Event: 16245.873 Thread 0x000002b4a0b93510 DEOPT UNPACKING pc=0x000002b44a133aa2 sp=0x000000efe7ffeaf8 mode 2

Classes loaded (20 events):
Event: 13419.202 Loading class jdk/internal/module/IllegalAccessLogger
Event: 13419.202 Loading class jdk/internal/module/IllegalAccessLogger done
Event: 13457.423 Loading class jdk/internal/module/IllegalAccessLogger
Event: 13457.429 Loading class jdk/internal/module/IllegalAccessLogger done
Event: 13469.292 Loading class jdk/internal/module/IllegalAccessLogger
Event: 13469.294 Loading class jdk/internal/module/IllegalAccessLogger done
Event: 13487.797 Loading class jdk/internal/module/IllegalAccessLogger
Event: 13487.797 Loading class jdk/internal/module/IllegalAccessLogger done
Event: 13522.001 Loading class jdk/internal/module/IllegalAccessLogger
Event: 13522.001 Loading class jdk/internal/module/IllegalAccessLogger done
Event: 13546.456 Loading class jdk/internal/module/IllegalAccessLogger
Event: 13546.456 Loading class jdk/internal/module/IllegalAccessLogger done
Event: 13573.915 Loading class jdk/internal/module/IllegalAccessLogger
Event: 13573.915 Loading class jdk/internal/module/IllegalAccessLogger done
Event: 13580.798 Loading class jdk/internal/module/IllegalAccessLogger
Event: 13580.798 Loading class jdk/internal/module/IllegalAccessLogger done
Event: 13599.959 Loading class jdk/internal/module/IllegalAccessLogger
Event: 13599.959 Loading class jdk/internal/module/IllegalAccessLogger done
Event: 16180.237 Loading class jdk/internal/module/IllegalAccessLogger
Event: 16180.239 Loading class jdk/internal/module/IllegalAccessLogger done

Classes unloaded (20 events):
Event: 3308.883 Thread 0x000002b43fa56bf0 Unloading class 0x000002b458668000 'java/lang/invoke/LambdaForm$MH+0x000002b458668000'
Event: 3308.883 Thread 0x000002b43fa56bf0 Unloading class 0x000002b458665c00 'java/lang/invoke/LambdaForm$MH+0x000002b458665c00'
Event: 3308.883 Thread 0x000002b43fa56bf0 Unloading class 0x000002b45860c000 'jdk/internal/reflect/GeneratedSerializationConstructorAccessor3'
Event: 3308.884 Thread 0x000002b43fa56bf0 Unloading class 0x000002b4582b6000 'java/lang/invoke/LambdaForm$MH+0x000002b4582b6000'
Event: 3308.885 Thread 0x000002b43fa56bf0 Unloading class 0x000002b45829c800 'java/lang/invoke/LambdaForm$MH+0x000002b45829c800'
Event: 3308.885 Thread 0x000002b43fa56bf0 Unloading class 0x000002b458215000 'java/lang/invoke/LambdaForm$MH+0x000002b458215000'
Event: 3308.886 Thread 0x000002b43fa56bf0 Unloading class 0x000002b458214800 'java/lang/invoke/LambdaForm$MH+0x000002b458214800'
Event: 3308.886 Thread 0x000002b43fa56bf0 Unloading class 0x000002b458212c00 'java/lang/invoke/LambdaForm$MH+0x000002b458212c00'
Event: 3308.886 Thread 0x000002b43fa56bf0 Unloading class 0x000002b458212000 'java/lang/invoke/LambdaForm$MH+0x000002b458212000'
Event: 3308.886 Thread 0x000002b43fa56bf0 Unloading class 0x000002b458210000 'java/lang/invoke/LambdaForm$MH+0x000002b458210000'
Event: 3308.887 Thread 0x000002b43fa56bf0 Unloading class 0x000002b4581aa800 'java/lang/invoke/LambdaForm$MH+0x000002b4581aa800'
Event: 3308.887 Thread 0x000002b43fa56bf0 Unloading class 0x000002b4581aa400 'java/lang/invoke/LambdaForm$MH+0x000002b4581aa400'
Event: 3308.888 Thread 0x000002b43fa56bf0 Unloading class 0x000002b458174c00 'java/lang/invoke/LambdaForm$MH+0x000002b458174c00'
Event: 3308.889 Thread 0x000002b43fa56bf0 Unloading class 0x000002b458174800 'java/lang/invoke/LambdaForm$MH+0x000002b458174800'
Event: 3308.889 Thread 0x000002b43fa56bf0 Unloading class 0x000002b458174000 'java/lang/invoke/LambdaForm$MH+0x000002b458174000'
Event: 3308.889 Thread 0x000002b43fa56bf0 Unloading class 0x000002b458019400 'java/lang/invoke/LambdaForm$MH+0x000002b458019400'
Event: 3308.889 Thread 0x000002b43fa56bf0 Unloading class 0x000002b458018400 'java/lang/invoke/LambdaForm$MH+0x000002b458018400'
Event: 3308.889 Thread 0x000002b43fa56bf0 Unloading class 0x000002b458018000 'java/lang/invoke/LambdaForm$MH+0x000002b458018000'
Event: 3308.889 Thread 0x000002b43fa56bf0 Unloading class 0x000002b458017400 'java/lang/invoke/LambdaForm$MH+0x000002b458017400'
Event: 3308.889 Thread 0x000002b43fa56bf0 Unloading class 0x000002b458016400 'java/lang/invoke/LambdaForm$MH+0x000002b458016400'

Classes redefined (0 events):
No events

Internal exceptions (20 events):
Event: 13647.060 Thread 0x000002b4a0b93510 Exception <a 'sun/nio/fs/WindowsException'{0x00000000d564bef8}> (0x00000000d564bef8) 
thrown [s\src\hotspot\share\prims\jni.cpp, line 520]
Event: 13647.060 Thread 0x000002b4a0b93510 Exception <a 'sun/nio/fs/WindowsException'{0x00000000d564c608}> (0x00000000d564c608) 
thrown [s\src\hotspot\share\prims\jni.cpp, line 520]
Event: 13647.371 Thread 0x000002b4a0b93510 Exception <a 'sun/nio/fs/WindowsException'{0x00000000d566c188}> (0x00000000d566c188) 
thrown [s\src\hotspot\share\prims\jni.cpp, line 520]
Event: 13647.371 Thread 0x000002b4a0b93510 Exception <a 'sun/nio/fs/WindowsException'{0x00000000d566cda0}> (0x00000000d566cda0) 
thrown [s\src\hotspot\share\prims\jni.cpp, line 520]
Event: 13650.721 Thread 0x000002b4a24c5a40 Exception <a 'sun/nio/fs/WindowsException'{0x00000000d569e420}> (0x00000000d569e420) 
thrown [s\src\hotspot\share\prims\jni.cpp, line 520]
Event: 13650.728 Thread 0x000002b4a24c5a40 Exception <a 'sun/nio/fs/WindowsException'{0x00000000d569ea90}> (0x00000000d569ea90) 
thrown [s\src\hotspot\share\prims\jni.cpp, line 520]
Event: 13786.829 Thread 0x000002b4a0d4d230 Exception <a 'sun/nio/fs/WindowsException'{0x00000000d558aea8}> (0x00000000d558aea8) 
thrown [s\src\hotspot\share\prims\jni.cpp, line 520]
Event: 13786.839 Thread 0x000002b4a0d4d230 Exception <a 'sun/nio/fs/WindowsException'{0x00000000d558bab0}> (0x00000000d558bab0) 
thrown [s\src\hotspot\share\prims\jni.cpp, line 520]
Event: 16179.068 Thread 0x000002b49ef61dc0 Exception <a 'sun/nio/fs/WindowsException'{0x00000000d56fa728}> (0x00000000d56fa728) 
thrown [s\src\hotspot\share\prims\jni.cpp, line 520]
Event: 16180.025 Thread 0x000002b49ef61dc0 Exception <a 'sun/nio/fs/WindowsException'{0x00000000d56b1028}> (0x00000000d56b1028) 
thrown [s\src\hotspot\share\prims\jni.cpp, line 520]
Event: 16218.717 Thread 0x000002b4a0ee3d60 Exception <a 'sun/nio/fs/WindowsException'{0x00000000d5afe448}> (0x00000000d5afe448) 
thrown [s\src\hotspot\share\prims\jni.cpp, line 520]
Event: 16218.728 Thread 0x000002b4a0ee3d60 Exception <a 'sun/nio/fs/WindowsException'{0x00000000d5afee08}> (0x00000000d5afee08) 
thrown [s\src\hotspot\share\prims\jni.cpp, line 520]
Event: 16218.742 Thread 0x000002b4a0ee3d60 Exception <a 'sun/nio/fs/WindowsException'{0x00000000d5affde0}> (0x00000000d5affde0) 
thrown [s\src\hotspot\share\prims\jni.cpp, line 520]
Event: 16218.742 Thread 0x000002b4a0ee3d60 Exception <a 'sun/nio/fs/WindowsException'{0x00000000d5b007a0}> (0x00000000d5b007a0) 
thrown [s\src\hotspot\share\prims\jni.cpp, line 520]
Event: 16218.768 Thread 0x000002b4a0ee3d60 Exception <a 'sun/nio/fs/WindowsException'{0x00000000d5b021f8}> (0x00000000d5b021f8) 
thrown [s\src\hotspot\share\prims\jni.cpp, line 520]
Event: 16218.768 Thread 0x000002b4a0ee3d60 Exception <a 'sun/nio/fs/WindowsException'{0x00000000d5b02908}> (0x00000000d5b02908) 
thrown [s\src\hotspot\share\prims\jni.cpp, line 520]
Event: 16219.459 Thread 0x000002b4a0ee3d60 Exception <a 'sun/nio/fs/WindowsException'{0x00000000d5b1ce90}> (0x00000000d5b1ce90) 
thrown [s\src\hotspot\share\prims\jni.cpp, line 520]
Event: 16219.460 Thread 0x000002b4a0ee3d60 Exception <a 'sun/nio/fs/WindowsException'{0x00000000d5b1d850}> (0x00000000d5b1d850) 
thrown [s\src\hotspot\share\prims\jni.cpp, line 520]
Event: 16222.520 Thread 0x000002b4a0b90db0 Exception <a 'sun/nio/fs/WindowsException'{0x00000000d5d99590}> (0x00000000d5d99590) 
thrown [s\src\hotspot\share\prims\jni.cpp, line 520]
Event: 16222.522 Thread 0x000002b4a0b90db0 Exception <a 'sun/nio/fs/WindowsException'{0x00000000d5d99c00}> (0x00000000d5d99c00) 
thrown [s\src\hotspot\share\prims\jni.cpp, line 520]

ZGC Phase Switch (0 events):
No events

VM Operations (20 events):
Event: 16208.413 Executing safepoint VM operation: Cleanup
Event: 16208.413 Executing safepoint VM operation: Cleanup done
Event: 16219.503 Executing safepoint VM operation: Cleanup
Event: 16219.512 Executing safepoint VM operation: Cleanup done
Event: 16219.703 Executing safepoint VM operation: ParallelGCFailedAllocation (Allocation Failure)
Event: 16219.892 Executing safepoint VM operation: ParallelGCFailedAllocation (Allocation Failure) done
Event: 16221.915 Executing safepoint VM operation: Cleanup
Event: 16221.915 Executing safepoint VM operation: Cleanup done
Event: 16225.845 Executing safepoint VM operation: ParallelGCFailedAllocation (Allocation Failure)
Event: 16225.857 Executing safepoint VM operation: ParallelGCFailedAllocation (Allocation Failure) done
Event: 16226.202 Executing safepoint VM operation: ParallelGCFailedAllocation (Allocation Failure)
Event: 16226.216 Executing safepoint VM operation: ParallelGCFailedAllocation (Allocation Failure) done
Event: 16229.243 Executing safepoint VM operation: Cleanup
Event: 16229.321 Executing safepoint VM operation: Cleanup done
Event: 16244.277 Executing non-safepoint VM operation: HandshakeAllThreads (HandshakeForDeflation)
Event: 16244.278 Executing non-safepoint VM operation: HandshakeAllThreads (HandshakeForDeflation) done
Event: 16244.278 Executing non-safepoint VM operation: RendezvousGCThreads
Event: 16244.278 Executing non-safepoint VM operation: RendezvousGCThreads done
Event: 16247.299 Executing safepoint VM operation: Cleanup
Event: 16247.299 Executing safepoint VM operation: Cleanup done

Memory protections (0 events):
No events

Nmethod flushes (20 events):
Event: 3314.121 Thread 0x000002b43fa56bf0 flushing  nmethod 0x000002b446018310
Event: 3314.122 Thread 0x000002b43fa56bf0 flushing  nmethod 0x000002b44605f090
Event: 3314.122 Thread 0x000002b43fa56bf0 flushing  nmethod 0x000002b44609e990
Event: 3314.122 Thread 0x000002b43fa56bf0 flushing  nmethod 0x000002b446109290
Event: 3314.122 Thread 0x000002b43fa56bf0 flushing osr nmethod 0x000002b44611aa10
Event: 3314.122 Thread 0x000002b43fa56bf0 flushing  nmethod 0x000002b446143390
Event: 3314.123 Thread 0x000002b43fa56bf0 flushing  nmethod 0x000002b446145490
Event: 3314.123 Thread 0x000002b43fa56bf0 flushing  nmethod 0x000002b44614e390
Event: 3314.123 Thread 0x000002b43fa56bf0 flushing  nmethod 0x000002b44614fa10
Event: 3314.123 Thread 0x000002b43fa56bf0 flushing  nmethod 0x000002b446151310
Event: 3314.124 Thread 0x000002b43fa56bf0 flushing  nmethod 0x000002b446160110
Event: 3314.124 Thread 0x000002b43fa56bf0 flushing  nmethod 0x000002b446171290
Event: 3314.124 Thread 0x000002b43fa56bf0 flushing  nmethod 0x000002b4461c6890
Event: 3314.125 Thread 0x000002b43fa56bf0 flushing  nmethod 0x000002b44621ac90
Event: 3314.127 Thread 0x000002b43fa56bf0 flushing  nmethod 0x000002b4462dac10
Event: 3314.127 Thread 0x000002b43fa56bf0 flushing  nmethod 0x000002b4462e0490
Event: 3314.127 Thread 0x000002b43fa56bf0 flushing  nmethod 0x000002b446372190
Event: 3314.128 Thread 0x000002b43fa56bf0 flushing  nmethod 0x000002b4463a5290
Event: 3314.129 Thread 0x000002b43fa56bf0 flushing  nmethod 0x000002b4463b5290
Event: 3314.129 Thread 0x000002b43fa56bf0 flushing  nmethod 0x000002b446410390

Events (20 events):
Event: 16162.290 Thread 0x000002b4a0ee9940 Thread added: 0x000002b4a0eeacf0
Event: 16167.645 Thread 0x000002b4a0ee9940 Thread added: 0x000002b4a0ee9fd0
Event: 16175.561 Thread 0x000002b4a0d4d230 Thread added: 0x000002b4a0eeb380
Event: 16176.031 Thread 0x000002b4a0ee92b0 Thread added: 0x000002b4a0eea660
Event: 16176.049 Thread 0x000002b4a0eea660 Thread added: 0x000002b4a0b8fa00
Event: 16176.092 Thread 0x000002b4a0b8fa00 Thread added: 0x000002b4a0b90090
Event: 16176.104 Thread 0x000002b4a0b90090 Thread added: 0x000002b4a0b8d930
Event: 16179.022 Thread 0x000002b4a0d4d230 Thread added: 0x000002b4a0b8f370
Event: 16179.493 Thread 0x000002b4a0d4d230 Thread added: 0x000002b4a0b8e650
Event: 16180.258 Thread 0x000002b4a0d4d230 Thread added: 0x000002b4a0b90720
Event: 16208.017 Thread 0x000002b4a24c5a40 Thread exited: 0x000002b4a24c5a40
Event: 16222.409 Thread 0x000002b4a24c18a0 Thread added: 0x000002b4a0b90db0
Event: 16222.610 Thread 0x000002b4a0b90db0 Thread added: 0x000002b4a0b8dfc0
Event: 16225.409 Thread 0x000002b4a24c18a0 Thread added: 0x000002b4a0b93510
Event: 16225.473 Thread 0x000002b4a0b8dfc0 Thread exited: 0x000002b4a0b8dfc0
Event: 16240.291 Thread 0x000002b4a0b90720 Thread exited: 0x000002b4a0b90720
Event: 16241.556 Thread 0x000002b4a0d4d230 Thread exited: 0x000002b4a0d4d230
Event: 16243.084 Thread 0x000002b4a0eeb380 Thread exited: 0x000002b4a0eeb380
Event: 16246.729 Thread 0x000002b4a0b93510 Thread exited: 0x000002b4a0b93510
Event: 16246.775 Thread 0x000002b4a0b90db0 Thread exited: 0x000002b4a0b90db0


Dynamic libraries:
0x00007ff7fe480000 - 0x00007ff7fe48e000 	c:\Users\wesle\.vscode\extensions\redhat.java-1.55.0-win32-x64\jre\21.0.11-win32-x86_64\bin\java.exe
0x00007ffa1f2c0000 - 0x00007ffa1f527000 	C:\WINDOWS\SYSTEM32\ntdll.dll
0x00007ff9e36e0000 - 0x00007ff9e3701000 	C:\Program Files\Avast Software\Avast\aswhook.dll
0x00007ffa1e7c0000 - 0x00007ffa1e88a000 	C:\WINDOWS\System32\KERNEL32.DLL
0x00007ffa1cbe0000 - 0x00007ffa1cfe2000 	C:\WINDOWS\System32\KERNELBASE.dll
0x00007ffa1c4d0000 - 0x00007ffa1c61c000 	C:\WINDOWS\System32\ucrtbase.dll
0x00007ff9e4840000 - 0x00007ff9e485e000 	c:\Users\wesle\.vscode\extensions\redhat.java-1.55.0-win32-x64\jre\21.0.11-win32-x86_64\bin\VCRUNTIME140.dll
0x00007ff9e48c0000 - 0x00007ff9e48d8000 	c:\Users\wesle\.vscode\extensions\redhat.java-1.55.0-win32-x64\jre\21.0.11-win32-x86_64\bin\jli.dll
0x00007ffa1ef90000 - 0x00007ffa1f15f000 	C:\WINDOWS\System32\USER32.dll
0x00007ffa1c8f0000 - 0x00007ffa1c917000 	C:\WINDOWS\System32\win32u.dll
0x00007ff9f7f40000 - 0x00007ff9f81d0000 	C:\WINDOWS\WinSxS\amd64_microsoft.windows.common-controls_6595b64144ccf1df_6.0.26100.9278_none_3e0d1ba8e3303201\COMCTL32.dll
0x00007ffa1ea00000 - 0x00007ffa1ea2b000 	C:\WINDOWS\System32\GDI32.dll
0x00007ffa1c7c0000 - 0x00007ffa1c8e9000 	C:\WINDOWS\System32\gdi32full.dll
0x00007ffa1d3f0000 - 0x00007ffa1d499000 	C:\WINDOWS\System32\msvcrt.dll
0x00007ffa1cb30000 - 0x00007ffa1cbd3000 	C:\WINDOWS\System32\msvcp_win.dll
0x00007ffa1f1f0000 - 0x00007ffa1f221000 	C:\WINDOWS\System32\IMM32.DLL
0x00007ffa095a0000 - 0x00007ffa095ac000 	c:\Users\wesle\.vscode\extensions\redhat.java-1.55.0-win32-x64\jre\21.0.11-win32-x86_64\bin\vcruntime140_1.dll
0x00007ff9dcc90000 - 0x00007ff9dcd1d000 	c:\Users\wesle\.vscode\extensions\redhat.java-1.55.0-win32-x64\jre\21.0.11-win32-x86_64\bin\msvcp140.dll
0x00007ff918ea0000 - 0x00007ff919c42000 	c:\Users\wesle\.vscode\extensions\redhat.java-1.55.0-win32-x64\jre\21.0.11-win32-x86_64\bin\server\jvm.dll
0x00007ffa1d4a0000 - 0x00007ffa1d55c000 	C:\WINDOWS\System32\ADVAPI32.dll
0x00007ffa1def0000 - 0x00007ffa1df99000 	C:\WINDOWS\System32\sechost.dll
0x00007ffa1ed20000 - 0x00007ffa1ee38000 	C:\WINDOWS\System32\RPCRT4.dll
0x00007ffa1d200000 - 0x00007ffa1d280000 	C:\WINDOWS\System32\WS2_32.dll
0x00007ffa1c350000 - 0x00007ffa1c3ae000 	C:\WINDOWS\SYSTEM32\POWRPROF.dll
0x00007ffa158a0000 - 0x00007ffa158ab000 	C:\WINDOWS\SYSTEM32\VERSION.dll
0x00007ffa11360000 - 0x00007ffa11396000 	C:\WINDOWS\SYSTEM32\WINMM.dll
0x00007ffa1c310000 - 0x00007ffa1c325000 	C:\WINDOWS\SYSTEM32\UMPDC.dll
0x00007ffa1b180000 - 0x00007ffa1b19b000 	C:\WINDOWS\SYSTEM32\kernel.appcore.dll
0x00007ff9f9280000 - 0x00007ff9f928a000 	c:\Users\wesle\.vscode\extensions\redhat.java-1.55.0-win32-x64\jre\21.0.11-win32-x86_64\bin\jimage.dll
0x00007ffa19930000 - 0x00007ffa19b72000 	C:\WINDOWS\SYSTEM32\DBGHELP.DLL
0x00007ffa1dfa0000 - 0x00007ffa1e324000 	C:\WINDOWS\System32\combase.dll
0x00007ffa1d570000 - 0x00007ffa1d649000 	C:\WINDOWS\System32\OLEAUT32.dll
0x00007ffa0b890000 - 0x00007ffa0b8cb000 	C:\WINDOWS\SYSTEM32\dbgcore.DLL
0x00007ffa1c920000 - 0x00007ffa1c9cc000 	C:\WINDOWS\System32\bcryptPrimitives.dll
0x00007ff9f91a0000 - 0x00007ff9f91af000 	c:\Users\wesle\.vscode\extensions\redhat.java-1.55.0-win32-x64\jre\21.0.11-win32-x86_64\bin\instrument.dll
0x00007ff9e4820000 - 0x00007ff9e4840000 	c:\Users\wesle\.vscode\extensions\redhat.java-1.55.0-win32-x64\jre\21.0.11-win32-x86_64\bin\java.dll
0x00007ffa1d650000 - 0x00007ffa1dde8000 	C:\WINDOWS\System32\SHELL32.dll
0x00007ffa19ef0000 - 0x00007ffa1a79e000 	C:\WINDOWS\SYSTEM32\windows.storage.dll
0x00007ffa1ee90000 - 0x00007ffa1ef8b000 	C:\WINDOWS\System32\SHCORE.dll
0x00007ffa1e890000 - 0x00007ffa1e8f6000 	C:\WINDOWS\System32\shlwapi.dll
0x00007ffa1c3f0000 - 0x00007ffa1c419000 	C:\WINDOWS\SYSTEM32\profapi.dll
0x00007ff9e4800000 - 0x00007ff9e4818000 	c:\Users\wesle\.vscode\extensions\redhat.java-1.55.0-win32-x64\jre\21.0.11-win32-x86_64\bin\zip.dll
0x00007ff9f6070000 - 0x00007ff9f6080000 	C:\Users\wesle\.vscode\extensions\redhat.java-1.55.0-win32-x64\jre\21.0.11-win32-x86_64\bin\net.dll
0x00007ffa15ba0000 - 0x00007ffa15cca000 	C:\WINDOWS\SYSTEM32\WINHTTP.dll
0x00007ffa1b760000 - 0x00007ffa1b7cc000 	C:\WINDOWS\system32\mswsock.dll
0x00007ff9e47e0000 - 0x00007ff9e47f6000 	C:\Users\wesle\.vscode\extensions\redhat.java-1.55.0-win32-x64\jre\21.0.11-win32-x86_64\bin\nio.dll
0x00007ff9e4d40000 - 0x00007ff9e4d50000 	c:\Users\wesle\.vscode\extensions\redhat.java-1.55.0-win32-x64\jre\21.0.11-win32-x86_64\bin\verify.dll
0x00007ff9df920000 - 0x00007ff9df965000 	C:\Users\wesle\AppData\Roaming\Code\User\globalStorage\redhat.java\1.55.0\config_win\org.eclipse.equinox.launcher\org.eclipse.equinox.launcher.win32.win32.x86_64_1.3.100.v20260613-0559\eclipse_11924.dll
0x00007ffa1eaf0000 - 0x00007ffa1ec89000 	C:\WINDOWS\System32\ole32.dll
0x00007ff9e47d0000 - 0x00007ff9e47da000 	C:\Users\wesle\.vscode\extensions\redhat.java-1.55.0-win32-x64\jre\21.0.11-win32-x86_64\bin\management.dll
0x00007ff9e15b0000 - 0x00007ff9e15bc000 	C:\Users\wesle\.vscode\extensions\redhat.java-1.55.0-win32-x64\jre\21.0.11-win32-x86_64\bin\management_ext.dll
0x00007ffa1ee40000 - 0x00007ffa1ee48000 	C:\WINDOWS\System32\PSAPI.DLL
0x00007ffa1ba70000 - 0x00007ffa1ba8b000 	C:\WINDOWS\SYSTEM32\CRYPTSP.dll
0x00007ffa1b0e0000 - 0x00007ffa1b119000 	C:\WINDOWS\system32\rsaenh.dll
0x00007ffa1b810000 - 0x00007ffa1b844000 	C:\WINDOWS\SYSTEM32\USERENV.dll
0x00007ffa1c3c0000 - 0x00007ffa1c3ea000 	C:\WINDOWS\SYSTEM32\bcrypt.dll
0x00007ffa1ba50000 - 0x00007ffa1ba5c000 	C:\WINDOWS\SYSTEM32\CRYPTBASE.dll
0x00007ffa1ab20000 - 0x00007ffa1ab53000 	C:\WINDOWS\SYSTEM32\IPHLPAPI.DLL
0x00007ffa1ee80000 - 0x00007ffa1ee8a000 	C:\WINDOWS\System32\NSI.dll
0x00007ff9da6b0000 - 0x00007ff9da6f9000 	C:\Users\wesle\AppData\Local\Temp\jna-113021854\jna3427859862961257829.dll
0x00007ffa16770000 - 0x00007ffa1678d000 	C:\WINDOWS\SYSTEM32\dhcpcsvc6.DLL
0x00007ffa16740000 - 0x00007ffa16765000 	C:\WINDOWS\SYSTEM32\dhcpcsvc.DLL
0x00007ff9df670000 - 0x00007ff9df67e000 	C:\Users\wesle\.vscode\extensions\redhat.java-1.55.0-win32-x64\jre\21.0.11-win32-x86_64\bin\sunmscapi.dll
0x00007ffa1c630000 - 0x00007ffa1c7ae000 	C:\WINDOWS\System32\CRYPT32.dll
0x00007ffa1bc90000 - 0x00007ffa1bcc0000 	C:\WINDOWS\SYSTEM32\ncrypt.dll
0x00007ffa1bc40000 - 0x00007ffa1bc7f000 	C:\WINDOWS\SYSTEM32\NTASN1.dll
0x00007ffa1ab60000 - 0x00007ffa1acb8000 	C:\WINDOWS\SYSTEM32\DNSAPI.dll
0x00007ffa1b560000 - 0x00007ffa1b56d000 	C:\WINDOWS\SYSTEM32\DSPARSE.dll
0x00007ffa18a90000 - 0x00007ffa18a9b000 	C:\Windows\System32\rasadhlp.dll
0x00007ffa16940000 - 0x00007ffa169c6000 	C:\WINDOWS\System32\fwpuclnt.dll
0x00007ff9ddd90000 - 0x00007ff9ddd99000 	C:\Users\wesle\.vscode\extensions\redhat.java-1.55.0-win32-x64\jre\21.0.11-win32-x86_64\bin\extnet.dll

JVMTI agents:
c:\Users\wesle\.vscode\extensions\redhat.java-1.55.0-win32-x64\lombok\lombok-1.18.39-4050.jar path:c:\Users\wesle\.vscode\extensions\redhat.java-1.55.0-win32-x64\jre\21.0.11-win32-x86_64\bin\instrument.dll, loaded, initialized, instrumentlib options:none

dbghelp: loaded successfully - version: 4.0.5 - missing functions: none
symbol engine: initialized successfully - sym options: 0x614 - pdb path: .;c:\Users\wesle\.vscode\extensions\redhat.java-1.55.0-win32-x64\jre\21.0.11-win32-x86_64\bin;C:\WINDOWS\SYSTEM32;C:\Program Files\Avast Software\Avast;C:\WINDOWS\WinSxS\amd64_microsoft.windows.common-controls_6595b64144ccf1df_6.0.26100.9278_none_3e0d1ba8e3303201;c:\Users\wesle\.vscode\extensions\redhat.java-1.55.0-win32-x64\jre\21.0.11-win32-x86_64\bin\server;C:\Users\wesle\AppData\Roaming\Code\User\globalStorage\redhat.java\1.55.0\config_win\org.eclipse.equinox.launcher\org.eclipse.equinox.launcher.win32.win32.x86_64_1.3.100.v20260613-0559;C:\Users\wesle\AppData\Local\Temp\jna-113021854

VM Arguments:
jvm_args: --add-modules=ALL-SYSTEM --add-opens=java.base/java.util=ALL-UNNAMED --add-opens=java.base/java.lang=ALL-UNNAMED --add-opens=java.base/sun.nio.fs=ALL-UNNAMED -Declipse.application=org.eclipse.jdt.ls.core.id1 -Dosgi.bundles.defaultStartLevel=4 -Declipse.product=org.eclipse.jdt.ls.core.product -Djava.import.generatesMetadataFilesAtProjectRoot=false -DDetectVMInstallationsJob.disabled=true -Dfile.encoding=utf8 -XX:+UseParallelGC -XX:GCTimeRatio=4 -XX:AdaptiveSizePolicyWeight=90 -Dsun.zip.disableMemoryMapping=true -Xmx2G -Xms100m -Xlog:disable -javaagent:c:\Users\wesle\.vscode\extensions\redhat.java-1.55.0-win32-x64\lombok\lombok-1.18.39-4050.jar -XX:+HeapDumpOnOutOfMemoryError -XX:HeapDumpPath=c:\Users\wesle\AppData\Roaming\Code\User\workspaceStorage\13c0e3ac5bff17b1ce2782d5e6798a06\redhat.java -Daether.dependencyCollector.impl=bf 
java_command: c:\Users\wesle\.vscode\extensions\redhat.java-1.55.0-win32-x64\server\plugins\org.eclipse.equinox.launcher_1.7.200.v20260619-2039.jar -configuration c:\Users\wesle\AppData\Roaming\Code\User\globalStorage\redhat.java\1.55.0\config_win -data c:\Users\wesle\AppData\Roaming\Code\User\workspaceStorage\13c0e3ac5bff17b1ce2782d5e6798a06\redhat.java\jdt_ws --pipe=\\.\pipe\lsp-8edc669902cf02e2b7032068e46ee9c8-sock
java_class_path (initial): c:\Users\wesle\.vscode\extensions\redhat.java-1.55.0-win32-x64\server\plugins\org.eclipse.equinox.launcher_1.7.200.v20260619-2039.jar
Launcher Type: SUN_STANDARD

[Global flags]
    uintx AdaptiveSizePolicyWeight                 = 90                                        {product} {command line}
     intx CICompilerCount                          = 4                                         {product} {ergonomic}
    uintx GCTimeRatio                              = 4                                         {product} {command line}
     bool HeapDumpOnOutOfMemoryError               = true                                   {manageable} {command line}
    ccstr HeapDumpPath                             = c:\Users\wesle\AppData\Roaming\Code\User\workspaceStorage\13c0e3ac5bff17b1ce2782d5e6798a06\redhat.java         {manageable} {command line}
   size_t InitialHeapSize                          = 104857600                                 {product} {command line}
   size_t MaxHeapSize                              = 2147483648                                {product} {command line}
   size_t MaxNewSize                               = 715653120                                 {product} {ergonomic}
   size_t MinHeapDeltaBytes                        = 524288                                    {product} {ergonomic}
   size_t MinHeapSize                              = 104857600                                 {product} {command line}
   size_t NewSize                                  = 34603008                                  {product} {ergonomic}
    uintx NonNMethodCodeHeapSize                   = 5839372                                {pd product} {ergonomic}
    uintx NonProfiledCodeHeapSize                  = 122909434                              {pd product} {ergonomic}
   size_t OldSize                                  = 70254592                                  {product} {ergonomic}
    uintx ProfiledCodeHeapSize                     = 122909434                              {pd product} {ergonomic}
    uintx ReservedCodeCacheSize                    = 251658240                              {pd product} {ergonomic}
     bool SegmentedCodeCache                       = true                                      {product} {ergonomic}
   size_t SoftMaxHeapSize                          = 2147483648                             {manageable} {ergonomic}
     bool UseCompressedOops                        = true                           {product lp64_product} {ergonomic}
     bool UseLargePagesIndividualAllocation        = false                                  {pd product} {ergonomic}
     bool UseParallelGC                            = true                                      {product} {command line}

Logging:
Log output configuration:
 #0: stdout all=off uptime,level,tags foldmultilines=false
 #1: stderr all=off uptime,level,tags foldmultilines=false

Release file:
JAVA_VERSION="21.0.11" 
MODULES="java.base java.compiler java.datatransfer java.xml java.prefs java.desktop java.instrument java.logging java.management java.security.sasl java.naming java.rmi java.management.rmi java.net.http java.scripting java.security.jgss java.transaction.xa java.sql java.sql.rowset java.xml.crypto java.se java.smartcardio jdk.accessibility jdk.internal.jvmstat jdk.attach jdk.charsets jdk.internal.opt jdk.zipfs jdk.compiler jdk.crypto.ec jdk.crypto.cryptoki jdk.crypto.mscapi jdk.dynalink jdk.internal.ed jdk.editpad jdk.hotspot.agent jdk.httpserver jdk.internal.le jdk.internal.vm.ci jdk.internal.vm.compiler jdk.internal.vm.compiler.management jdk.jartool jdk.javadoc jdk.jcmd jdk.management jdk.management.agent jdk.jconsole jdk.jdeps jdk.jdwp.agent jdk.jdi jdk.jfr jdk.jshell jdk.jsobject jdk.jstatd jdk.localedata jdk.management.jfr jdk.naming.dns jdk.naming.rmi jdk.net jdk.nio.mapmode jdk.random jdk.sctp jdk.security.auth jdk.security.jgss jdk.unsupported jdk.unsupported.desktop jdk.xml.dom" 

Environment Variables:
JAVA_HOME=C:\Program Files\Eclipse Adoptium\jdk-21.0.4.7-hotspot
PATH=C:\Python313\Scripts\;C:\Python313\;C:\Program Files\Eclipse Adoptium\jdk-21.0.4.7-hotspot\bin;C:\Python312\Scripts\;C:\Python312\;C:\WINDOWS\system32;C:\WINDOWS;C:\WINDOWS\System32\Wbem;C:\WINDOWS\System32\WindowsPowerShell\v1.0\;C:\WINDOWS\System32\OpenSSH\;C:\ProgramData\chocolatey\bin;C:\desenvolvimento\nvm;%NVM_SYMLINK%;C:\Program Files\Git\cmd;C:\Program Files\Git\bin;C:\Program Files\Docker\Docker\resources\bin;C:\Program Files\maven\bin;C:\Program Files\nodejs\;C:\Program Files\dotnet\;C:\Program Files\MySQL\MySQL Shell 8.0\bin\;C:\Users\wesle\AppData\Local\Microsoft\WindowsApps;C:\Users\wesle\AppData\Local\JetBrains\Toolbox\scripts;C:\desenvolvimento\nvm;%NVM_SYMLINK%;C:\Program Files\Git\cmd;C:\Program Files\Git\bin;C:\Users\wesle\AppData\Local\Programs\mongosh\;C:\Users\wesle\AppData\Local\Programs\Microsoft VS Code\bin;C:\Users\wesle\AppData\Local\Microsoft\WindowsApps;C:\Users\wesle\AppData\Roaming\npm
USERNAME=wesle
OS=Windows_NT
PROCESSOR_IDENTIFIER=Intel64 Family 6 Model 186 Stepping 3, GenuineIntel
TMP=C:\Users\wesle\AppData\Local\Temp
TEMP=C:\Users\wesle\AppData\Local\Temp




Periodic native trim disabled

---------------  S Y S T E M  ---------------

OS:
 Windows 11 , 64 bit Build 26100 (10.0.26100.9278)
OS uptime: 0 days 9:10 hours
Hyper-V role detected

CPU: total 12 (initial active 12) (6 cores per cpu, 2 threads per core) family 6 model 186 stepping 3 microcode 0x411f, cx8, cmov, fxsr, ht, mmx, 3dnowpref, sse, sse2, sse3, ssse3, sse4.1, sse4.2, popcnt, lzcnt, tsc, tscinvbit, avx, avx2, aes, erms, clmul, bmi1, bmi2, adx, sha, fma, vzeroupper, clflush, clflushopt, clwb, hv, serialize, rdtscp, rdpid, fsrm, f16c, cet_ibt, cet_ss
Processor Information for processor 0
  Max Mhz: 1300, Current Mhz: 1300, Mhz Limit: 1300
Processor Information for processor 1
  Max Mhz: 1300, Current Mhz: 1300, Mhz Limit: 1300
Processor Information for processor 2
  Max Mhz: 1300, Current Mhz: 1300, Mhz Limit: 1300
Processor Information for processor 3
  Max Mhz: 1300, Current Mhz: 1300, Mhz Limit: 1300
Processor Information for processor 4
  Max Mhz: 1300, Current Mhz: 900, Mhz Limit: 897
Processor Information for processor 5
  Max Mhz: 1300, Current Mhz: 900, Mhz Limit: 897
Processor Information for processor 6
  Max Mhz: 1300, Current Mhz: 900, Mhz Limit: 897
Processor Information for processor 7
  Max Mhz: 1300, Current Mhz: 900, Mhz Limit: 897
Processor Information for processor 8
  Max Mhz: 1300, Current Mhz: 900, Mhz Limit: 897
Processor Information for processor 9
  Max Mhz: 1300, Current Mhz: 900, Mhz Limit: 897
Processor Information for processor 10
  Max Mhz: 1300, Current Mhz: 900, Mhz Limit: 897
Processor Information for processor 11
  Max Mhz: 1300, Current Mhz: 900, Mhz Limit: 897

Memory: 4k page, system-wide physical 7875M (437M free)
TotalPageFile size 28638M (AvailPageFile size 37M)
current process WorkingSet (physical memory assigned to process): 103M, peak: 707M
current process commit charge ("private bytes"): 1584M, peak: 1803M

vm_info: OpenJDK 64-Bit Server VM (21.0.11+10-LTS) for windows-amd64 JRE (21.0.11+10-LTS), built on 2026-04-21T00:00:00Z by "admin" with MS VC++ 17.12 (VS2022)

END.
