#
# There is insufficient memory for the Java Runtime Environment to continue.
# Native memory allocation (malloc) failed to allocate 804336 bytes. Error detail: Chunk::new
# Possible reasons:
#   The system is out of physical RAM or swap space
#   This process is running with CompressedOops enabled, and the Java Heap may be blocking the growth of the native heap
# Possible solutions:
#   Reduce memory load on the system
#   Increase physical memory or swap space
#   Check if swap backing store is full
#   Decrease Java heap size (-Xmx/-Xms)
#   Decrease number of Java threads
#   Decrease Java thread stack sizes (-Xss)
#   Set larger code cache with -XX:ReservedCodeCacheSize=
#   JVM is running with Unscaled Compressed Oops mode in which the Java heap is
#     placed in the first 4GB address space. The Java Heap base address is the
#     maximum limit for the native heap growth. Please use -XX:HeapBaseMinAddress
#     to set the Java Heap base and to place the Java Heap above 4GB virtual address.
# This output file may be truncated or incomplete.
#
#  Out of Memory Error (arena.cpp:168), pid=3640, tid=23984
#
# JRE version: OpenJDK Runtime Environment Temurin-21.0.4+7 (21.0.4+7) (build 21.0.4+7-LTS)
# Java VM: OpenJDK 64-Bit Server VM Temurin-21.0.4+7 (21.0.4+7-LTS, mixed mode, sharing, tiered, compressed oops, compressed class ptrs, g1 gc, windows-amd64)
# No core dump will be written. Minidumps are not enabled by default on client versions of Windows
#

---------------  S U M M A R Y ------------

Command Line: -agentlib:jdwp=transport=dt_socket,server=n,suspend=y,address=localhost:62089 -XX:+ShowCodeDetailsInExceptionMessages br.com.knowledge.stockonyou.StockonyouApplication

Host: 13th Gen Intel(R) Core(TM) i5-1335U, 12 cores, 7G,  Windows 11 , 64 bit Build 26100 (10.0.26100.9278)
Time: Sun Aug 30 12:01:44 2026 Hora oficial do Brasil elapsed time: 55.257787 seconds (0d 0h 0m 55s)

---------------  T H R E A D  ---------------

Current thread (0x0000027173351200):  JavaThread "C2 CompilerThread0" daemon [_thread_in_native, id=23984, stack(0x000000edccb00000,0x000000edccc00000) (1024K)]


Current CompileTask:
C2:  55258 6445       4       org.springframework.transaction.interceptor.TransactionAttributeSourcePointcut::matches (27 bytes)

Stack: [0x000000edccb00000,0x000000edccc00000]
Native frames: (J=compiled Java code, j=interpreted, Vv=VM code, C=native code)
V  [jvm.dll+0x6cbcf9]
V  [jvm.dll+0x8a5551]
V  [jvm.dll+0x8a7a7e]
V  [jvm.dll+0x8a8153]
V  [jvm.dll+0x27eca6]
V  [jvm.dll+0xc4aad]
V  [jvm.dll+0xc4fe3]
V  [jvm.dll+0x3b5102]
V  [jvm.dll+0x1df999]
V  [jvm.dll+0x247262]
V  [jvm.dll+0x2466ef]
V  [jvm.dll+0x1c6f7e]
V  [jvm.dll+0x255e7a]
V  [jvm.dll+0x25441a]
V  [jvm.dll+0x3eeef6]
V  [jvm.dll+0x84f17b]
V  [jvm.dll+0x6ca3fd]
C  [ucrtbase.dll+0x2cd30]
C  [KERNEL32.DLL+0x2ccb7]
C  [ntdll.dll+0xacaec]


---------------  P R O C E S S  ---------------

Threads class SMR info:
_java_thread_list=0x000002717a7f3f60, length=32, elements={
0x00000271731f9d90, 0x00000271731fc520, 0x000002717320c2d0, 0x000002717320dee0,
0x00000271732177a0, 0x000002717321e560, 0x0000027173351200, 0x0000027173352af0,
0x00000271735282b0, 0x000002717352c2a0, 0x000002717355dfb0, 0x00000271735605b0,
0x0000027173572400, 0x000002717d9fab40, 0x000002717999c320, 0x000002717d110080,
0x000002717d217800, 0x000002717d217e70, 0x000002717c0a45f0, 0x00000271789c73a0,
0x000002717cc386e0, 0x000002717cc38d70, 0x000002717cc3ae40, 0x000002717cc3b4d0,
0x000002717cc3a120, 0x000002717cc3a7b0, 0x000002717cc38050, 0x000002717cc3bb60,
0x000002717cc3c880, 0x000002717cc39400, 0x000002717cc3cf10, 0x000002717cc39a90
}

Java Threads: ( => current thread )
  0x00000271731f9d90 JavaThread "Reference Handler"          daemon [_thread_blocked, id=30120, stack(0x000000edcc500000,0x000000edcc600000) (1024K)]
  0x00000271731fc520 JavaThread "Finalizer"                  daemon [_thread_blocked, id=4036, stack(0x000000edcc600000,0x000000edcc700000) (1024K)]
  0x000002717320c2d0 JavaThread "Signal Dispatcher"          daemon [_thread_blocked, id=4644, stack(0x000000edcc700000,0x000000edcc800000) (1024K)]
  0x000002717320dee0 JavaThread "Attach Listener"            daemon [_thread_blocked, id=29884, stack(0x000000edcc800000,0x000000edcc900000) (1024K)]
  0x00000271732177a0 JavaThread "Service Thread"             daemon [_thread_blocked, id=28948, stack(0x000000edcc900000,0x000000edcca00000) (1024K)]
  0x000002717321e560 JavaThread "Monitor Deflation Thread"   daemon [_thread_blocked, id=24860, stack(0x000000edcca00000,0x000000edccb00000) (1024K)]
=>0x0000027173351200 JavaThread "C2 CompilerThread0"         daemon [_thread_in_native, id=23984, stack(0x000000edccb00000,0x000000edccc00000) (1024K)]
  0x0000027173352af0 JavaThread "C1 CompilerThread0"         daemon [_thread_blocked, id=12176, stack(0x000000edccc00000,0x000000edccd00000) (1024K)]
  0x00000271735282b0 JavaThread "JDWP Transport Listener: dt_socket" daemon [_thread_blocked, id=26468, stack(0x000000edccd00000,0x000000edcce00000) (1024K)]
  0x000002717352c2a0 JavaThread "JDWP Event Helper Thread"   daemon [_thread_blocked, id=23400, stack(0x000000edcce00000,0x000000edccf00000) (1024K)]
  0x000002717355dfb0 JavaThread "JDWP Command Reader"        daemon [_thread_in_native, id=8692, stack(0x000000edccf00000,0x000000edcd000000) (1024K)]
  0x00000271735605b0 JavaThread "Notification Thread"        daemon [_thread_blocked, id=11956, stack(0x000000edcd000000,0x000000edcd100000) (1024K)]
  0x0000027173572400 JavaThread "Common-Cleaner"             daemon [_thread_blocked, id=11880, stack(0x000000edcd100000,0x000000edcd200000) (1024K)]
  0x000002717d9fab40 JavaThread "Catalina-utility-1"                [_thread_blocked, id=17724, stack(0x000000edcdc00000,0x000000edcdd00000) (1024K)]
  0x000002717999c320 JavaThread "Catalina-utility-2"                [_thread_blocked, id=23672, stack(0x000000edcdd00000,0x000000edcde00000) (1024K)]
  0x000002717d110080 JavaThread "container-0"                       [_thread_blocked, id=27056, stack(0x000000edce000000,0x000000edce100000) (1024K)]
  0x000002717d217800 JavaThread "Cleaner-0"                  daemon [_thread_blocked, id=31676, stack(0x000000edce300000,0x000000edce400000) (1024K)]
  0x000002717d217e70 JavaThread "HikariPool-1:housekeeper"   daemon [_thread_blocked, id=29672, stack(0x000000edce400000,0x000000edce500000) (1024K)]
  0x000002717c0a45f0 JavaThread "C2 CompilerThread1"         daemon [_thread_in_native, id=25548, stack(0x000000edcdb00000,0x000000edcdc00000) (1024K)]
  0x00000271789c73a0 JavaThread "http-nio-8080-exec-1"       daemon [_thread_blocked, id=3916, stack(0x000000edce200000,0x000000edce300000) (1024K)]
  0x000002717cc386e0 JavaThread "http-nio-8080-exec-2"       daemon [_thread_blocked, id=26992, stack(0x000000edce500000,0x000000edce600000) (1024K)]
  0x000002717cc38d70 JavaThread "http-nio-8080-exec-3"       daemon [_thread_blocked, id=28772, stack(0x000000edce800000,0x000000edce900000) (1024K)]
  0x000002717cc3ae40 JavaThread "http-nio-8080-exec-4"       daemon [_thread_blocked, id=21040, stack(0x000000edce900000,0x000000edcea00000) (1024K)]
  0x000002717cc3b4d0 JavaThread "http-nio-8080-exec-5"       daemon [_thread_blocked, id=24128, stack(0x000000edcea00000,0x000000edceb00000) (1024K)]
  0x000002717cc3a120 JavaThread "http-nio-8080-exec-6"       daemon [_thread_blocked, id=22676, stack(0x000000edceb00000,0x000000edcec00000) (1024K)]
  0x000002717cc3a7b0 JavaThread "http-nio-8080-exec-7"       daemon [_thread_blocked, id=31220, stack(0x000000edcec00000,0x000000edced00000) (1024K)]
  0x000002717cc38050 JavaThread "http-nio-8080-exec-8"       daemon [_thread_blocked, id=30712, stack(0x000000edced00000,0x000000edcee00000) (1024K)]
  0x000002717cc3bb60 JavaThread "http-nio-8080-exec-9"       daemon [_thread_blocked, id=29108, stack(0x000000edcee00000,0x000000edcef00000) (1024K)]
  0x000002717cc3c880 JavaThread "http-nio-8080-exec-10"      daemon [_thread_blocked, id=7484, stack(0x000000edcef00000,0x000000edcf000000) (1024K)]
  0x000002717cc39400 JavaThread "http-nio-8080-Poller"       daemon [_thread_in_native, id=1456, stack(0x000000edcf000000,0x000000edcf100000) (1024K)]
  0x000002717cc3cf10 JavaThread "http-nio-8080-Acceptor"     daemon [_thread_in_native, id=6316, stack(0x000000edcf100000,0x000000edcf200000) (1024K)]
  0x000002717cc39a90 JavaThread "DestroyJavaVM"                     [_thread_blocked, id=5392, stack(0x000000edcbd00000,0x000000edcbe00000) (1024K)]
Total: 32

Other Threads:
  0x00000271731dbe70 VMThread "VM Thread"                           [id=30012, stack(0x000000edcc400000,0x000000edcc500000) (1024K)]
  0x00000271731c2d60 WatcherThread "VM Periodic Task Thread"        [id=27016, stack(0x000000edcc300000,0x000000edcc400000) (1024K)]
  0x0000027156330890 WorkerThread "GC Thread#0"                     [id=26488, stack(0x000000edcbe00000,0x000000edcbf00000) (1024K)]
  0x0000027178c54560 WorkerThread "GC Thread#1"                     [id=27680, stack(0x000000edcd200000,0x000000edcd300000) (1024K)]
  0x0000027178cb4580 WorkerThread "GC Thread#2"                     [id=20308, stack(0x000000edcd300000,0x000000edcd400000) (1024K)]
  0x0000027178bdf0c0 WorkerThread "GC Thread#3"                     [id=30144, stack(0x000000edcd400000,0x000000edcd500000) (1024K)]
  0x0000027178cb0050 WorkerThread "GC Thread#4"                     [id=30844, stack(0x000000edcd500000,0x000000edcd600000) (1024K)]
  0x0000027178b50070 WorkerThread "GC Thread#5"                     [id=31032, stack(0x000000edcd600000,0x000000edcd700000) (1024K)]
  0x0000027178c6de80 WorkerThread "GC Thread#6"                     [id=29520, stack(0x000000edcd700000,0x000000edcd800000) (1024K)]
  0x0000027178a17e80 WorkerThread "GC Thread#7"                     [id=26032, stack(0x000000edcd800000,0x000000edcd900000) (1024K)]
  0x0000027178c5f8d0 WorkerThread "GC Thread#8"                     [id=30240, stack(0x000000edcd900000,0x000000edcda00000) (1024K)]
  0x0000027178c5ea50 WorkerThread "GC Thread#9"                     [id=15872, stack(0x000000edcda00000,0x000000edcdb00000) (1024K)]
  0x00000271563455c0 ConcurrentGCThread "G1 Main Marker"            [id=31356, stack(0x000000edcbf00000,0x000000edcc000000) (1024K)]
  0x00000271563460c0 WorkerThread "G1 Conc#0"                       [id=31444, stack(0x000000edcc000000,0x000000edcc100000) (1024K)]
  0x0000027178c5f530 WorkerThread "G1 Conc#1"                       [id=25884, stack(0x000000edcde00000,0x000000edcdf00000) (1024K)]
  0x0000027179e43830 WorkerThread "G1 Conc#2"                       [id=21000, stack(0x000000edcdf00000,0x000000edce000000) (1024K)]
  0x000002717308c6c0 ConcurrentGCThread "G1 Refine#0"               [id=10444, stack(0x000000edcc100000,0x000000edcc200000) (1024K)]
  0x000002717308e540 ConcurrentGCThread "G1 Service"                [id=10648, stack(0x000000edcc200000,0x000000edcc300000) (1024K)]
Total: 18

Threads with active compile tasks:
C2 CompilerThread0    55413 6445       4       org.springframework.transaction.interceptor.TransactionAttributeSourcePointcut::matches (27 bytes)
C2 CompilerThread1    55413 6433       4       org.springframework.beans.factory.support.AbstractBeanFactory::isTypeMatch (776 bytes)
Total: 2

VM state: not at safepoint (normal execution)

VM Mutex/Monitor currently owned by a thread: None

Heap address: 0x0000000084e00000, size: 1970 MB, Compressed Oops mode: 32-bit

CDS archive(s) mapped at: [0x0000027100000000-0x0000027100c90000-0x0000027100c90000), size 13172736, SharedBaseAddress: 0x0000027100000000, ArchiveRelocationMode: 1.
Compressed class space mapped at: 0x0000027101000000-0x0000027141000000, reserved size: 1073741824
Narrow klass base: 0x0000027100000000, Narrow klass shift: 0, Narrow klass range: 0x100000000

GC Precious Log:
 CardTable entry size: 512
 Card Set container configuration: InlinePtr #cards 5 size 8 Array Of Cards #cards 12 size 40 Howl #buckets 4 coarsen threshold 1843 Howl Bitmap #cards 512 size 80 coarsen threshold 460 Card regions per heap region 1 cards per card region 2048
 CPUs: 12 total, 12 available
 Memory: 7875M
 Large Page Support: Disabled
 NUMA Support: Disabled
 Compressed Oops: Enabled (32-bit)
 Heap Region Size: 1M
 Heap Min Capacity: 8M
 Heap Initial Capacity: 124M
 Heap Max Capacity: 1970M
 Pre-touch: Disabled
 Parallel Workers: 10
 Concurrent Workers: 3
 Concurrent Refinement Workers: 10
 Periodic GC: Disabled

Heap:
 garbage-first heap   total 58368K, used 46124K [0x0000000084e00000, 0x0000000100000000)
  region size 1024K, 16 young (16384K), 3 survivors (3072K)
 Metaspace       used 82006K, committed 82816K, reserved 1179648K
  class space    used 11271K, committed 11648K, reserved 1048576K

Heap Regions: E=young(eden), S=young(survivor), O=old, HS=humongous(starts), HC=humongous(continues), CS=collection set, F=free, TAMS=top-at-mark-start, PB=parsable bottom
|   0|0x0000000084e00000, 0x0000000084f00000, 0x0000000084f00000|100%|HS|  |TAMS 0x0000000084e00000| PB 0x0000000084e00000| Complete 
|   1|0x0000000084f00000, 0x0000000085000000, 0x0000000085000000|100%| O|  |TAMS 0x0000000084f00000| PB 0x0000000084f00000| Untracked 
|   2|0x0000000085000000, 0x0000000085100000, 0x0000000085100000|100%| O|  |TAMS 0x0000000085000000| PB 0x0000000085000000| Untracked 
|   3|0x0000000085100000, 0x0000000085200000, 0x0000000085200000|100%| O|  |TAMS 0x0000000085100000| PB 0x0000000085100000| Untracked 
|   4|0x0000000085200000, 0x0000000085300000, 0x0000000085300000|100%| O|  |TAMS 0x0000000085200000| PB 0x0000000085200000| Untracked 
|   5|0x0000000085300000, 0x0000000085400000, 0x0000000085400000|100%| O|  |TAMS 0x0000000085300000| PB 0x0000000085300000| Untracked 
|   6|0x0000000085400000, 0x0000000085500000, 0x0000000085500000|100%| O|  |TAMS 0x0000000085400000| PB 0x0000000085400000| Untracked 
|   7|0x0000000085500000, 0x0000000085600000, 0x0000000085600000|100%| O|  |TAMS 0x0000000085500000| PB 0x0000000085500000| Untracked 
|   8|0x0000000085600000, 0x0000000085700000, 0x0000000085700000|100%| O|  |TAMS 0x0000000085600000| PB 0x0000000085600000| Untracked 
|   9|0x0000000085700000, 0x0000000085800000, 0x0000000085800000|100%| O|  |TAMS 0x0000000085700000| PB 0x0000000085700000| Untracked 
|  10|0x0000000085800000, 0x0000000085900000, 0x0000000085900000|100%| O|  |TAMS 0x0000000085800000| PB 0x0000000085800000| Untracked 
|  11|0x0000000085900000, 0x0000000085a00000, 0x0000000085a00000|100%| O|  |TAMS 0x0000000085900000| PB 0x0000000085900000| Untracked 
|  12|0x0000000085a00000, 0x0000000085b00000, 0x0000000085b00000|100%| O|  |TAMS 0x0000000085a00000| PB 0x0000000085a00000| Untracked 
|  13|0x0000000085b00000, 0x0000000085c00000, 0x0000000085c00000|100%| O|  |TAMS 0x0000000085b00000| PB 0x0000000085b00000| Untracked 
|  14|0x0000000085c00000, 0x0000000085d00000, 0x0000000085d00000|100%| O|  |TAMS 0x0000000085c00000| PB 0x0000000085c00000| Untracked 
|  15|0x0000000085d00000, 0x0000000085e00000, 0x0000000085e00000|100%| O|  |TAMS 0x0000000085d00000| PB 0x0000000085d00000| Untracked 
|  16|0x0000000085e00000, 0x0000000085ea8238, 0x0000000085f00000| 65%| O|  |TAMS 0x0000000085e00000| PB 0x0000000085e00000| Untracked 
|  17|0x0000000085f00000, 0x0000000086000000, 0x0000000086000000|100%| O|  |TAMS 0x0000000085f00000| PB 0x0000000085f00000| Untracked 
|  18|0x0000000086000000, 0x0000000086100000, 0x0000000086100000|100%| O|Cm|TAMS 0x0000000086000000| PB 0x0000000086000000| Complete 
|  19|0x0000000086100000, 0x0000000086200000, 0x0000000086200000|100%| O|  |TAMS 0x0000000086100000| PB 0x0000000086100000| Untracked 
|  20|0x0000000086200000, 0x0000000086300000, 0x0000000086300000|100%| O|  |TAMS 0x0000000086200000| PB 0x0000000086200000| Untracked 
|  21|0x0000000086300000, 0x0000000086400000, 0x0000000086400000|100%| O|  |TAMS 0x0000000086300000| PB 0x0000000086300000| Untracked 
|  22|0x0000000086400000, 0x0000000086500000, 0x0000000086500000|100%| O|  |TAMS 0x0000000086400000| PB 0x0000000086400000| Untracked 
|  23|0x0000000086500000, 0x0000000086600000, 0x0000000086600000|100%| O|  |TAMS 0x0000000086500000| PB 0x0000000086500000| Untracked 
|  24|0x0000000086600000, 0x0000000086700000, 0x0000000086700000|100%| O|  |TAMS 0x0000000086600000| PB 0x0000000086600000| Untracked 
|  25|0x0000000086700000, 0x0000000086800000, 0x0000000086800000|100%| O|  |TAMS 0x0000000086700000| PB 0x0000000086700000| Untracked 
|  26|0x0000000086800000, 0x0000000086900000, 0x0000000086900000|100%| O|  |TAMS 0x0000000086800000| PB 0x0000000086800000| Untracked 
|  27|0x0000000086900000, 0x0000000086a00000, 0x0000000086a00000|100%| O|  |TAMS 0x0000000086900000| PB 0x0000000086900000| Untracked 
|  28|0x0000000086a00000, 0x0000000086b00000, 0x0000000086b00000|100%| O|  |TAMS 0x0000000086a00000| PB 0x0000000086a00000| Untracked 
|  29|0x0000000086b00000, 0x0000000086c00000, 0x0000000086c00000|100%| O|  |TAMS 0x0000000086b00000| PB 0x0000000086b00000| Untracked 
|  30|0x0000000086c00000, 0x0000000086c00000, 0x0000000086d00000|  0%| F|  |TAMS 0x0000000086c00000| PB 0x0000000086c00000| Untracked 
|  31|0x0000000086d00000, 0x0000000086d00000, 0x0000000086e00000|  0%| F|  |TAMS 0x0000000086d00000| PB 0x0000000086d00000| Untracked 
|  32|0x0000000086e00000, 0x0000000086f00000, 0x0000000086f00000|100%| O|  |TAMS 0x0000000086e00000| PB 0x0000000086e00000| Untracked 
|  33|0x0000000086f00000, 0x0000000086f62ea0, 0x0000000087000000| 38%| S|CS|TAMS 0x0000000086f00000| PB 0x0000000086f00000| Complete 
|  34|0x0000000087000000, 0x0000000087000000, 0x0000000087100000|  0%| F|  |TAMS 0x0000000087000000| PB 0x0000000087000000| Untracked 
|  35|0x0000000087100000, 0x0000000087100000, 0x0000000087200000|  0%| F|  |TAMS 0x0000000087100000| PB 0x0000000087100000| Untracked 
|  36|0x0000000087200000, 0x0000000087300000, 0x0000000087300000|100%| S|CS|TAMS 0x0000000087200000| PB 0x0000000087200000| Complete 
|  37|0x0000000087300000, 0x0000000087400000, 0x0000000087400000|100%| S|CS|TAMS 0x0000000087300000| PB 0x0000000087300000| Complete 
|  38|0x0000000087400000, 0x0000000087400000, 0x0000000087500000|  0%| F|  |TAMS 0x0000000087400000| PB 0x0000000087400000| Untracked 
|  39|0x0000000087500000, 0x0000000087500000, 0x0000000087600000|  0%| F|  |TAMS 0x0000000087500000| PB 0x0000000087500000| Untracked 
|  40|0x0000000087600000, 0x0000000087600000, 0x0000000087700000|  0%| F|  |TAMS 0x0000000087600000| PB 0x0000000087600000| Untracked 
|  41|0x0000000087700000, 0x0000000087700000, 0x0000000087800000|  0%| F|  |TAMS 0x0000000087700000| PB 0x0000000087700000| Untracked 
|  42|0x0000000087800000, 0x0000000087800000, 0x0000000087900000|  0%| F|  |TAMS 0x0000000087800000| PB 0x0000000087800000| Untracked 
|  43|0x0000000087900000, 0x0000000087900000, 0x0000000087a00000|  0%| F|  |TAMS 0x0000000087900000| PB 0x0000000087900000| Untracked 
|  44|0x0000000087a00000, 0x0000000087a633b0, 0x0000000087b00000| 38%| E|  |TAMS 0x0000000087a00000| PB 0x0000000087a00000| Complete 
|  45|0x0000000087b00000, 0x0000000087c00000, 0x0000000087c00000|100%| E|CS|TAMS 0x0000000087b00000| PB 0x0000000087b00000| Complete 
|  46|0x0000000087c00000, 0x0000000087d00000, 0x0000000087d00000|100%| E|CS|TAMS 0x0000000087c00000| PB 0x0000000087c00000| Complete 
|  47|0x0000000087d00000, 0x0000000087e00000, 0x0000000087e00000|100%| E|CS|TAMS 0x0000000087d00000| PB 0x0000000087d00000| Complete 
|  48|0x0000000087e00000, 0x0000000087f00000, 0x0000000087f00000|100%| E|CS|TAMS 0x0000000087e00000| PB 0x0000000087e00000| Complete 
|  49|0x0000000087f00000, 0x0000000088000000, 0x0000000088000000|100%| E|CS|TAMS 0x0000000087f00000| PB 0x0000000087f00000| Complete 
|  50|0x0000000088000000, 0x0000000088100000, 0x0000000088100000|100%| E|CS|TAMS 0x0000000088000000| PB 0x0000000088000000| Complete 
|  89|0x000000008a700000, 0x000000008a800000, 0x000000008a800000|100%| E|CS|TAMS 0x000000008a700000| PB 0x000000008a700000| Complete 
|  90|0x000000008a800000, 0x000000008a900000, 0x000000008a900000|100%| E|CS|TAMS 0x000000008a800000| PB 0x000000008a800000| Complete 
|  91|0x000000008a900000, 0x000000008aa00000, 0x000000008aa00000|100%| E|CS|TAMS 0x000000008a900000| PB 0x000000008a900000| Complete 
|  92|0x000000008aa00000, 0x000000008ab00000, 0x000000008ab00000|100%| E|CS|TAMS 0x000000008aa00000| PB 0x000000008aa00000| Complete 
|  93|0x000000008ab00000, 0x000000008ac00000, 0x000000008ac00000|100%| E|CS|TAMS 0x000000008ab00000| PB 0x000000008ab00000| Complete 
| 123|0x000000008c900000, 0x000000008ca00000, 0x000000008ca00000|100%| E|CS|TAMS 0x000000008c900000| PB 0x000000008c900000| Complete 

Card table byte_map: [0x000002716e2c0000,0x000002716e6a0000] _byte_map_base: 0x000002716de99000

Marking Bits: (CMBitMap*) 0x0000027156330f90
 Bits: [0x000002716e6a0000, 0x0000027170568000)

Polling page: 0x0000027153f00000

Metaspace:

Usage:
  Non-class:     69.08 MB used.
      Class:     11.01 MB used.
       Both:     80.08 MB used.

Virtual space:
  Non-class space:      128.00 MB reserved,      69.50 MB ( 54%) committed,  2 nodes.
      Class space:        1.00 GB reserved,      11.38 MB (  1%) committed,  1 nodes.
             Both:        1.12 GB reserved,      80.88 MB (  7%) committed. 

Chunk freelists:
   Non-Class:  10.22 MB
       Class:  4.66 MB
        Both:  14.88 MB

MaxMetaspaceSize: unlimited
CompressedClassSpaceSize: 1.00 GB
Initial GC threshold: 21.00 MB
Current GC threshold: 132.75 MB
CDS: on
 - commit_granule_bytes: 65536.
 - commit_granule_words: 8192.
 - virtual_space_node_default_size: 8388608.
 - enlarge_chunks_in_place: 1.
 - use_allocation_guard: 0.


Internal statistics:

num_allocs_failed_limit: 10.
num_arena_births: 1220.
num_arena_deaths: 0.
num_vsnodes_births: 3.
num_vsnodes_deaths: 0.
num_space_committed: 1294.
num_space_uncommitted: 0.
num_chunks_returned_to_freelist: 10.
num_chunks_taken_from_freelist: 4255.
num_chunk_merges: 10.
num_chunk_splits: 3097.
num_chunks_enlarged: 2438.
num_inconsistent_stats: 0.

CodeHeap 'non-profiled nmethods': size=120000Kb used=4495Kb max_used=4530Kb free=115504Kb
 bounds [0x0000027166460000, 0x00000271668d0000, 0x000002716d990000]
CodeHeap 'profiled nmethods': size=120000Kb used=10494Kb max_used=10494Kb free=109505Kb
 bounds [0x000002715e990000, 0x000002715f3e0000, 0x0000027165ec0000]
CodeHeap 'non-nmethods': size=5760Kb used=1797Kb max_used=1862Kb free=3963Kb
 bounds [0x0000027165ec0000, 0x0000027166130000, 0x0000027166460000]
 total_blobs=6197 nmethods=5442 adapters=658
 compilation: enabled
              stopped_count=0, restarted_count=0
 full_count=0

Compilation events (20 events):
Event: 54.907 Thread 0x0000027173352af0 6489       3       org.springframework.core.OrderComparator::getOrder (111 bytes)
Event: 54.909 Thread 0x0000027173352af0 nmethod 6489 0x000002715f3ca890 code [0x000002715f3caac0, 0x000002715f3cb2a8]
Event: 54.912 Thread 0x0000027173352af0 6490       3       org.springframework.util.ClassUtils::isAssignable (93 bytes)
Event: 54.913 Thread 0x0000027173352af0 nmethod 6490 0x000002715f3cb590 code [0x000002715f3cb800, 0x000002715f3cc230]
Event: 54.923 Thread 0x0000027173352af0 6492       3       java.util.ArrayList::indexOfRange (71 bytes)
Event: 54.925 Thread 0x0000027173352af0 nmethod 6492 0x000002715f3cc510 code [0x000002715f3cc700, 0x000002715f3ccbb8]
Event: 54.925 Thread 0x0000027173352af0 6493       3       org.springframework.core.ResolvableType$WildcardBounds::get (173 bytes)
Event: 54.927 Thread 0x0000027173352af0 nmethod 6493 0x000002715f3ccd90 code [0x000002715f3cd080, 0x000002715f3ce548]
Event: 54.928 Thread 0x0000027173352af0 6494       3       org.springframework.core.ResolvableType::resolveType (143 bytes)
Event: 54.930 Thread 0x0000027173352af0 nmethod 6494 0x000002715f3cea90 code [0x000002715f3ced80, 0x000002715f3d0038]
Event: 54.952 Thread 0x0000027173351200 nmethod 6441 0x00000271666f8590 code [0x00000271666f8c40, 0x00000271666fca60]
Event: 54.954 Thread 0x0000027173351200 6483       4       java.util.TreeMap::successor (66 bytes)
Event: 54.960 Thread 0x0000027173351200 nmethod 6483 0x00000271666f8210 code [0x00000271666f83a0, 0x00000271666f84b0]
Event: 54.960 Thread 0x0000027173351200 6491       4       org.springframework.core.ResolvableType::getType (8 bytes)
Event: 54.968 Thread 0x0000027173351200 nmethod 6491 0x00000271666f7c90 code [0x00000271666f7e40, 0x00000271666f8028]
Event: 54.968 Thread 0x0000027173351200 6484       4       org.springframework.boot.autoconfigure.condition.ConditionEvaluationReport$$Lambda/0x0000027101b56d80::accept (20 bytes)
Event: 54.993 Thread 0x0000027173351200 nmethod 6484 0x00000271666f7090 code [0x00000271666f7240, 0x00000271666f7798]
Event: 54.993 Thread 0x0000027173351200 6485       4       org.springframework.boot.autoconfigure.condition.ConditionEvaluationReport::lambda$addNoMatchOutcomeToAncestors$0 (41 bytes)
Event: 55.014 Thread 0x0000027173351200 nmethod 6485 0x00000271666f6690 code [0x00000271666f6840, 0x00000271666f6c68]
Event: 55.015 Thread 0x0000027173351200 6445       4       org.springframework.transaction.interceptor.TransactionAttributeSourcePointcut::matches (27 bytes)

GC Heap History (20 events):
Event: 40.176 GC heap before
{Heap before GC invocations=14 (full 0):
 garbage-first heap   total 48128K, used 42259K [0x0000000084e00000, 0x0000000100000000)
  region size 1024K, 18 young (18432K), 2 survivors (2048K)
 Metaspace       used 54485K, committed 55168K, reserved 1114112K
  class space    used 7362K, committed 7680K, reserved 1048576K
}
Event: 40.181 GC heap after
{Heap after GC invocations=15 (full 0):
 garbage-first heap   total 48128K, used 26550K [0x0000000084e00000, 0x0000000100000000)
  region size 1024K, 2 young (2048K), 2 survivors (2048K)
 Metaspace       used 54485K, committed 55168K, reserved 1114112K
  class space    used 7362K, committed 7680K, reserved 1048576K
}
Event: 41.775 GC heap before
{Heap before GC invocations=16 (full 0):
 garbage-first heap   total 48128K, used 41910K [0x0000000084e00000, 0x0000000100000000)
  region size 1024K, 18 young (18432K), 2 survivors (2048K)
 Metaspace       used 59062K, committed 59776K, reserved 1114112K
  class space    used 7863K, committed 8192K, reserved 1048576K
}
Event: 41.782 GC heap after
{Heap after GC invocations=17 (full 0):
 garbage-first heap   total 48128K, used 27182K [0x0000000084e00000, 0x0000000100000000)
  region size 1024K, 2 young (2048K), 2 survivors (2048K)
 Metaspace       used 59062K, committed 59776K, reserved 1114112K
  class space    used 7863K, committed 8192K, reserved 1048576K
}
Event: 42.724 GC heap before
{Heap before GC invocations=17 (full 0):
 garbage-first heap   total 48128K, used 40494K [0x0000000084e00000, 0x0000000100000000)
  region size 1024K, 16 young (16384K), 2 survivors (2048K)
 Metaspace       used 62716K, committed 63424K, reserved 1114112K
  class space    used 8337K, committed 8640K, reserved 1048576K
}
Event: 42.732 GC heap after
{Heap after GC invocations=18 (full 0):
 garbage-first heap   total 48128K, used 27562K [0x0000000084e00000, 0x0000000100000000)
  region size 1024K, 2 young (2048K), 2 survivors (2048K)
 Metaspace       used 62716K, committed 63424K, reserved 1114112K
  class space    used 8337K, committed 8640K, reserved 1048576K
}
Event: 44.895 GC heap before
{Heap before GC invocations=18 (full 0):
 garbage-first heap   total 48128K, used 40874K [0x0000000084e00000, 0x0000000100000000)
  region size 1024K, 16 young (16384K), 2 survivors (2048K)
 Metaspace       used 67712K, committed 68352K, reserved 1114112K
  class space    used 9117K, committed 9408K, reserved 1048576K
}
Event: 44.902 GC heap after
{Heap after GC invocations=19 (full 0):
 garbage-first heap   total 48128K, used 28053K [0x0000000084e00000, 0x0000000100000000)
  region size 1024K, 2 young (2048K), 2 survivors (2048K)
 Metaspace       used 67712K, committed 68352K, reserved 1114112K
  class space    used 9117K, committed 9408K, reserved 1048576K
}
Event: 46.389 GC heap before
{Heap before GC invocations=20 (full 0):
 garbage-first heap   total 50176K, used 40341K [0x0000000084e00000, 0x0000000100000000)
  region size 1024K, 15 young (15360K), 2 survivors (2048K)
 Metaspace       used 70930K, committed 71616K, reserved 1114112K
  class space    used 9692K, committed 9984K, reserved 1048576K
}
Event: 46.395 GC heap after
{Heap after GC invocations=21 (full 0):
 garbage-first heap   total 50176K, used 28667K [0x0000000084e00000, 0x0000000100000000)
  region size 1024K, 2 young (2048K), 2 survivors (2048K)
 Metaspace       used 70930K, committed 71616K, reserved 1114112K
  class space    used 9692K, committed 9984K, reserved 1048576K
}
Event: 47.521 GC heap before
{Heap before GC invocations=21 (full 0):
 garbage-first heap   total 50176K, used 44027K [0x0000000084e00000, 0x0000000100000000)
  region size 1024K, 17 young (17408K), 2 survivors (2048K)
 Metaspace       used 73575K, committed 74368K, reserved 1114112K
  class space    used 10090K, committed 10432K, reserved 1048576K
}
Event: 47.530 GC heap after
{Heap after GC invocations=22 (full 0):
 garbage-first heap   total 50176K, used 29894K [0x0000000084e00000, 0x0000000100000000)
  region size 1024K, 3 young (3072K), 3 survivors (3072K)
 Metaspace       used 73575K, committed 74368K, reserved 1114112K
  class space    used 10090K, committed 10432K, reserved 1048576K
}
Event: 49.397 GC heap before
{Heap before GC invocations=22 (full 0):
 garbage-first heap   total 50176K, used 43206K [0x0000000084e00000, 0x0000000100000000)
  region size 1024K, 16 young (16384K), 3 survivors (3072K)
 Metaspace       used 76383K, committed 77120K, reserved 1179648K
  class space    used 10435K, committed 10752K, reserved 1048576K
}
Event: 49.406 GC heap after
{Heap after GC invocations=23 (full 0):
 garbage-first heap   total 50176K, used 31083K [0x0000000084e00000, 0x0000000100000000)
  region size 1024K, 2 young (2048K), 2 survivors (2048K)
 Metaspace       used 76383K, committed 77120K, reserved 1179648K
  class space    used 10435K, committed 10752K, reserved 1048576K
}
Event: 50.709 GC heap before
{Heap before GC invocations=24 (full 0):
 garbage-first heap   total 55296K, used 42347K [0x0000000084e00000, 0x0000000100000000)
  region size 1024K, 13 young (13312K), 2 survivors (2048K)
 Metaspace       used 76892K, committed 77696K, reserved 1179648K
  class space    used 10534K, committed 10880K, reserved 1048576K
}
Event: 50.715 GC heap after
{Heap after GC invocations=25 (full 0):
 garbage-first heap   total 55296K, used 31514K [0x0000000084e00000, 0x0000000100000000)
  region size 1024K, 1 young (1024K), 1 survivors (1024K)
 Metaspace       used 76892K, committed 77696K, reserved 1179648K
  class space    used 10534K, committed 10880K, reserved 1048576K
}
Event: 52.469 GC heap before
{Heap before GC invocations=25 (full 0):
 garbage-first heap   total 55296K, used 47898K [0x0000000084e00000, 0x0000000100000000)
  region size 1024K, 18 young (18432K), 1 survivors (1024K)
 Metaspace       used 79005K, committed 79808K, reserved 1179648K
  class space    used 10859K, committed 11200K, reserved 1048576K
}
Event: 52.476 GC heap after
{Heap after GC invocations=26 (full 0):
 garbage-first heap   total 55296K, used 32431K [0x0000000084e00000, 0x0000000100000000)
  region size 1024K, 2 young (2048K), 2 survivors (2048K)
 Metaspace       used 79005K, committed 79808K, reserved 1179648K
  class space    used 10859K, committed 11200K, reserved 1048576K
}
Event: 53.619 GC heap before
{Heap before GC invocations=26 (full 0):
 garbage-first heap   total 55296K, used 47791K [0x0000000084e00000, 0x0000000100000000)
  region size 1024K, 18 young (18432K), 2 survivors (2048K)
 Metaspace       used 80523K, committed 81344K, reserved 1179648K
  class space    used 11073K, committed 11456K, reserved 1048576K
}
Event: 53.628 GC heap after
{Heap after GC invocations=27 (full 0):
 garbage-first heap   total 55296K, used 33836K [0x0000000084e00000, 0x0000000100000000)
  region size 1024K, 3 young (3072K), 3 survivors (3072K)
 Metaspace       used 80523K, committed 81344K, reserved 1179648K
  class space    used 11073K, committed 11456K, reserved 1048576K
}

Dll operation events (10 events):
Event: 0.231 Loaded shared library C:\Program Files\Eclipse Adoptium\jdk-21.0.4.7-hotspot\bin\java.dll
Event: 0.558 Loaded shared library C:\Program Files\Eclipse Adoptium\jdk-21.0.4.7-hotspot\bin\jsvml.dll
Event: 2.866 Loaded shared library C:\Program Files\Eclipse Adoptium\jdk-21.0.4.7-hotspot\bin\net.dll
Event: 2.878 Loaded shared library C:\Program Files\Eclipse Adoptium\jdk-21.0.4.7-hotspot\bin\nio.dll
Event: 2.896 Loaded shared library C:\Program Files\Eclipse Adoptium\jdk-21.0.4.7-hotspot\bin\zip.dll
Event: 3.509 Loaded shared library C:\Program Files\Eclipse Adoptium\jdk-21.0.4.7-hotspot\bin\jimage.dll
Event: 13.823 Loaded shared library C:\Program Files\Eclipse Adoptium\jdk-21.0.4.7-hotspot\bin\sunmscapi.dll
Event: 25.874 Loaded shared library C:\Program Files\Eclipse Adoptium\jdk-21.0.4.7-hotspot\bin\management.dll
Event: 25.895 Loaded shared library C:\Program Files\Eclipse Adoptium\jdk-21.0.4.7-hotspot\bin\management_ext.dll
Event: 28.877 Loaded shared library C:\Program Files\Eclipse Adoptium\jdk-21.0.4.7-hotspot\bin\extnet.dll

Deoptimization events (20 events):
Event: 54.914 Thread 0x0000027153f72210 Uncommon trap: trap_request=0xffffffde fr.pc=0x00000271668880c8 relative=0x0000000000000308
Event: 54.914 Thread 0x0000027153f72210 Uncommon trap: reason=class_check action=maybe_recompile pc=0x00000271668880c8 method=org.springframework.core.ResolvableType.resolveType()Lorg/springframework/core/ResolvableType; @ 44 c2
Event: 54.914 Thread 0x0000027153f72210 DEOPT PACKING pc=0x00000271668880c8 sp=0x000000edcbdfe330
Event: 54.914 Thread 0x0000027153f72210 DEOPT UNPACKING pc=0x0000027165f146a2 sp=0x000000edcbdfe2d8 mode 2
Event: 54.914 Thread 0x0000027153f72210 Uncommon trap: trap_request=0xffffffde fr.pc=0x00000271668870e0 relative=0x0000000000000940
Event: 54.914 Thread 0x0000027153f72210 Uncommon trap: reason=class_check action=maybe_recompile pc=0x00000271668870e0 method=org.springframework.core.ResolvableType.resolveType()Lorg/springframework/core/ResolvableType; @ 44 c2
Event: 54.914 Thread 0x0000027153f72210 DEOPT PACKING pc=0x00000271668870e0 sp=0x000000edcbdfe4c0
Event: 54.914 Thread 0x0000027153f72210 DEOPT UNPACKING pc=0x0000027165f146a2 sp=0x000000edcbdfe408 mode 2
Event: 54.915 Thread 0x0000027153f72210 Uncommon trap: trap_request=0xffffffde fr.pc=0x00000271668870e0 relative=0x0000000000000940
Event: 54.915 Thread 0x0000027153f72210 Uncommon trap: reason=class_check action=maybe_recompile pc=0x00000271668870e0 method=org.springframework.core.ResolvableType.resolveType()Lorg/springframework/core/ResolvableType; @ 44 c2
Event: 54.915 Thread 0x0000027153f72210 DEOPT PACKING pc=0x00000271668870e0 sp=0x000000edcbdfe4c0
Event: 54.915 Thread 0x0000027153f72210 DEOPT UNPACKING pc=0x0000027165f146a2 sp=0x000000edcbdfe408 mode 2
Event: 54.915 Thread 0x0000027153f72210 Uncommon trap: trap_request=0xffffffde fr.pc=0x00000271668880c8 relative=0x0000000000000308
Event: 54.915 Thread 0x0000027153f72210 Uncommon trap: reason=class_check action=maybe_recompile pc=0x00000271668880c8 method=org.springframework.core.ResolvableType.resolveType()Lorg/springframework/core/ResolvableType; @ 44 c2
Event: 54.915 Thread 0x0000027153f72210 DEOPT PACKING pc=0x00000271668880c8 sp=0x000000edcbdfe3b0
Event: 54.915 Thread 0x0000027153f72210 DEOPT UNPACKING pc=0x0000027165f146a2 sp=0x000000edcbdfe358 mode 2
Event: 54.915 Thread 0x0000027153f72210 Uncommon trap: trap_request=0xffffffde fr.pc=0x00000271668870e0 relative=0x0000000000000940
Event: 54.915 Thread 0x0000027153f72210 Uncommon trap: reason=class_check action=maybe_recompile pc=0x00000271668870e0 method=org.springframework.core.ResolvableType.resolveType()Lorg/springframework/core/ResolvableType; @ 44 c2
Event: 54.915 Thread 0x0000027153f72210 DEOPT PACKING pc=0x00000271668870e0 sp=0x000000edcbdfe540
Event: 54.915 Thread 0x0000027153f72210 DEOPT UNPACKING pc=0x0000027165f146a2 sp=0x000000edcbdfe488 mode 2

Classes loaded (20 events):
Event: 54.849 Loading class java/nio/BufferMismatch
Event: 54.850 Loading class java/nio/BufferMismatch done
Event: 54.850 Loading class sun/nio/ch/SourceChannelImpl
Event: 54.851 Loading class java/nio/channels/Pipe$SourceChannel
Event: 54.851 Loading class java/nio/channels/Pipe$SourceChannel done
Event: 54.851 Loading class sun/nio/ch/SourceChannelImpl done
Event: 54.852 Loading class sun/nio/ch/SinkChannelImpl
Event: 54.852 Loading class java/nio/channels/Pipe$SinkChannel
Event: 54.853 Loading class java/nio/channels/Pipe$SinkChannel done
Event: 54.853 Loading class sun/nio/ch/SinkChannelImpl done
Event: 54.859 Loading class java/nio/channels/spi/AbstractSelector$1
Event: 54.860 Loading class java/nio/channels/spi/AbstractSelector$1 done
Event: 54.867 Loading class java/util/TreeMap$ValueSpliterator
Event: 54.868 Loading class java/util/TreeMap$TreeMapSpliterator
Event: 54.869 Loading class java/util/TreeMap$TreeMapSpliterator done
Event: 54.869 Loading class java/util/TreeMap$ValueSpliterator done
Event: 54.919 Loading class java/util/IdentityHashMap$KeySpliterator
Event: 54.920 Loading class java/util/IdentityHashMap$IdentityHashMapSpliterator
Event: 54.920 Loading class java/util/IdentityHashMap$IdentityHashMapSpliterator done
Event: 54.920 Loading class java/util/IdentityHashMap$KeySpliterator done

Classes unloaded (0 events):
No events

Classes redefined (0 events):
No events

Internal exceptions (20 events):
Event: 46.220 Thread 0x0000027153f72210 Exception <a 'java/lang/NoSuchMethodError'{0x00000000874ddf30}: 'void java.lang.invoke.DirectMethodHandle$Holder.invokeSpecial(java.lang.Object, java.lang.Object, int, java.lang.Object)'> (0x00000000874ddf30) 
thrown [s\src\hotspot\share\interpreter\linkResolver.cpp, line 773]
Event: 46.338 Thread 0x0000027153f72210 Exception <a 'java/lang/NoSuchMethodError'{0x0000000087233d70}: 'int java.lang.invoke.DirectMethodHandle$Holder.invokeStatic(java.lang.Object, int, java.lang.Object)'> (0x0000000087233d70) 
thrown [s\src\hotspot\share\interpreter\linkResolver.cpp, line 773]
Event: 46.359 Thread 0x0000027153f72210 Exception <a 'java/lang/NoSuchMethodError'{0x000000008727f0f0}: 'java.lang.Object java.lang.invoke.DirectMethodHandle$Holder.newInvokeSpecial(java.lang.Object, java.lang.Object, java.lang.Object, java.lang.Object, java.lang.Object, java.lang.Object, java.lang.Object, java.lang.Object, java.lang.Object, java.lang.Object, java.lang.Object, java.lang.Object)'> (0x000000008727f0f0) 
thrown [s\src\hotspot\share\interpreter\linkResolver.cpp, line 773]
Event: 46.360 Thread 0x0000027153f72210 Exception <a 'java/lang/NoSuchMethodError'{0x0000000087283998}: 'java.lang.Object java.lang.invoke.DirectMethodHandle$Holder.invokeSpecial(java.lang.Object, java.lang.Object, java.lang.Object, java.lang.Object, java.lang.Object, java.lang.Object, java.lang.Object, java.lang.Object, java.lang.Object, java.lang.Object, java.lang.Object, java.lang.Object, java.lang.Object)'> (0x0000000087283998) 
thrown [s\src\hotspot\share\interpreter\linkResolver.cpp, line 773]
Event: 46.360 Thread 0x0000027153f72210 Exception <a 'java/lang/NoSuchMethodError'{0x00000000872879c8}: 'java.lang.Object java.lang.invoke.Invokers$Holder.linkToTargetMethod(java.lang.Object, java.lang.Object, java.lang.Object, java.lang.Object, java.lang.Object, java.lang.Object, java.lang.Object, java.lang.Object, java.lang.Object, java.lang.Object, java.lang.Object, java.lang.Object)'> (0x00000000872879c8) 
thrown [s\src\hotspot\share\interpreter\linkResolver.cpp, line 773]
Event: 46.458 Thread 0x0000027153f72210 Exception <a 'java/lang/IncompatibleClassChangeError'{0x000000008ab1dc18}: Found class java.lang.Object, but interface was expected> (0x000000008ab1dc18) 
thrown [s\src\hotspot\share\interpreter\linkResolver.cpp, line 840]
Event: 46.571 Thread 0x0000027153f72210 Exception <a 'java/lang/NoSuchMethodError'{0x000000008aa991c0}: 'java.lang.Object java.lang.invoke.DirectMethodHandle$Holder.newInvokeSpecial(java.lang.Object, java.lang.Object, int, java.lang.Object, int, java.lang.Object, java.lang.Object)'> (0x000000008aa991c0) 
thrown [s\src\hotspot\share\interpreter\linkResolver.cpp, line 773]
Event: 47.119 Thread 0x0000027153f72210 Exception <a 'java/lang/NoSuchMethodError'{0x000000008783f7b0}: 'void java.lang.invoke.DirectMethodHandle$Holder.invokeStatic(java.lang.Object, java.lang.Object, java.lang.Object, java.lang.Object, java.lang.Object, java.lang.Object, java.lang.Object)'> (0x000000008783f7b0) 
thrown [s\src\hotspot\share\interpreter\linkResolver.cpp, line 773]
Event: 47.302 Thread 0x0000027153f72210 Implicit null exception at 0x000002716658bfd0 to 0x000002716658df70
Event: 47.320 Thread 0x0000027153f72210 Exception <a 'java/lang/IncompatibleClassChangeError'{0x0000000087288248}: Found class java.lang.Object, but interface was expected> (0x0000000087288248) 
thrown [s\src\hotspot\share\interpreter\linkResolver.cpp, line 840]
Event: 47.462 Thread 0x0000027153f72210 Exception <a 'java/lang/IncompatibleClassChangeError'{0x0000000086e81dd8}: Found class java.lang.Object, but interface was expected> (0x0000000086e81dd8) 
thrown [s\src\hotspot\share\interpreter\linkResolver.cpp, line 840]
Event: 48.745 Thread 0x0000027153f72210 Exception <a 'java/lang/IncompatibleClassChangeError'{0x0000000087650450}: Found class java.lang.Object, but interface was expected> (0x0000000087650450) 
thrown [s\src\hotspot\share\interpreter\linkResolver.cpp, line 840]
Event: 49.167 Thread 0x0000027153f72210 Exception <a 'java/lang/NoSuchMethodError'{0x0000000087426140}: 'int java.lang.invoke.DirectMethodHandle$Holder.invokeStaticInit(java.lang.Object, int, java.lang.Object, java.lang.Object, java.lang.Object, java.lang.Object)'> (0x0000000087426140) 
thrown [s\src\hotspot\share\interpreter\linkResolver.cpp, line 773]
Event: 49.384 Thread 0x0000027153f72210 Exception <a 'java/lang/IncompatibleClassChangeError'{0x00000000872923c0}: Found class java.lang.Object, but interface was expected> (0x00000000872923c0) 
thrown [s\src\hotspot\share\interpreter\linkResolver.cpp, line 840]
Event: 50.764 Thread 0x0000027153f72210 Exception <a 'java/lang/NoSuchMethodError'{0x000000008c977cc8}: 'java.lang.Object java.lang.invoke.DirectMethodHandle$Holder.invokeVirtual(java.lang.Object, java.lang.Object, java.lang.Object, int)'> (0x000000008c977cc8) 
thrown [s\src\hotspot\share\interpreter\linkResolver.cpp, line 773]
Event: 52.779 Thread 0x0000027153f72210 Exception <a 'java/lang/NoSuchMethodError'{0x000000008a896a50}: 'java.lang.Object java.lang.invoke.DirectMethodHandle$Holder.invokeInterface(java.lang.Object, java.lang.Object, java.lang.Object, java.lang.Object)'> (0x000000008a896a50) 
thrown [s\src\hotspot\share\interpreter\linkResolver.cpp, line 773]
Event: 53.388 Thread 0x0000027153f72210 Exception <a 'java/lang/IncompatibleClassChangeError'{0x0000000087675990}: Found class java.lang.Object, but interface was expected> (0x0000000087675990) 
thrown [s\src\hotspot\share\interpreter\linkResolver.cpp, line 840]
Event: 54.243 Thread 0x0000027153f72210 Exception <a 'java/lang/IncompatibleClassChangeError'{0x000000008a7f7f98}: Found class java.lang.Object, but interface was expected> (0x000000008a7f7f98) 
thrown [s\src\hotspot\share\interpreter\linkResolver.cpp, line 840]
Event: 54.747 Thread 0x0000027153f72210 Exception <a 'java/lang/NoSuchMethodError'{0x0000000087c4bb60}: 'java.lang.Object java.lang.invoke.DirectMethodHandle$Holder.newInvokeSpecial(java.lang.Object, java.lang.Object, int, java.lang.Object, java.lang.Object)'> (0x0000000087c4bb60) 
thrown [s\src\hotspot\share\interpreter\linkResolver.cpp, line 773]
Event: 54.748 Thread 0x0000027153f72210 Exception <a 'java/lang/NoSuchMethodError'{0x0000000087c4fd80}: 'java.lang.Object java.lang.invoke.DirectMethodHandle$Holder.invokeSpecial(java.lang.Object, java.lang.Object, java.lang.Object, int, java.lang.Object, java.lang.Object)'> (0x0000000087c4fd80) 
thrown [s\src\hotspot\share\interpreter\linkResolver.cpp, line 773]

ZGC Phase Switch (0 events):
No events

VM Operations (20 events):
Event: 53.118 Executing VM operation: HandshakeAllThreads (Deoptimize)
Event: 53.118 Executing VM operation: HandshakeAllThreads (Deoptimize) done
Event: 53.125 Executing VM operation: HandshakeAllThreads (Deoptimize)
Event: 53.125 Executing VM operation: HandshakeAllThreads (Deoptimize) done
Event: 53.128 Executing VM operation: HandshakeAllThreads (Deoptimize)
Event: 53.128 Executing VM operation: HandshakeAllThreads (Deoptimize) done
Event: 53.483 Executing VM operation: HandshakeAllThreads (Deoptimize)
Event: 53.483 Executing VM operation: HandshakeAllThreads (Deoptimize) done
Event: 53.483 Executing VM operation: Cleanup
Event: 53.484 Executing VM operation: Cleanup done
Event: 53.619 Executing VM operation: G1CollectForAllocation (G1 Evacuation Pause)
Event: 53.628 Executing VM operation: G1CollectForAllocation (G1 Evacuation Pause) done
Event: 53.686 Executing VM operation: HandshakeAllThreads (Deoptimize)
Event: 53.686 Executing VM operation: HandshakeAllThreads (Deoptimize) done
Event: 53.687 Executing VM operation: G1PauseRemark
Event: 53.703 Executing VM operation: G1PauseRemark done
Event: 53.727 Executing VM operation: G1PauseCleanup
Event: 53.727 Executing VM operation: G1PauseCleanup done
Event: 54.729 Executing VM operation: Cleanup
Event: 54.729 Executing VM operation: Cleanup done

Memory protections (0 events):
No events

Nmethod flushes (20 events):
Event: 53.700 Thread 0x00000271731dbe70 flushing  nmethod 0x000002715ec8d210
Event: 53.700 Thread 0x00000271731dbe70 flushing  nmethod 0x000002715edfa890
Event: 53.700 Thread 0x00000271731dbe70 flushing  nmethod 0x000002715eee5810
Event: 53.700 Thread 0x00000271731dbe70 flushing  nmethod 0x000002715f1c7e90
Event: 53.700 Thread 0x00000271731dbe70 flushing  nmethod 0x000002715f36ac10
Event: 53.700 Thread 0x00000271731dbe70 flushing  nmethod 0x000002715f36cc10
Event: 53.700 Thread 0x00000271731dbe70 flushing  nmethod 0x000002715f36cf90
Event: 53.700 Thread 0x00000271731dbe70 flushing  nmethod 0x0000027166495d90
Event: 53.700 Thread 0x00000271731dbe70 flushing  nmethod 0x000002716682d510
Event: 53.701 Thread 0x00000271731dbe70 flushing  nmethod 0x000002715eb63c90
Event: 53.701 Thread 0x00000271731dbe70 flushing  nmethod 0x000002715eb77610
Event: 53.701 Thread 0x00000271731dbe70 flushing  nmethod 0x000002715ebabb90
Event: 53.701 Thread 0x00000271731dbe70 flushing  nmethod 0x000002715f2c7410
Event: 53.701 Thread 0x00000271731dbe70 flushing  nmethod 0x000002715f308b90
Event: 53.701 Thread 0x00000271731dbe70 flushing  nmethod 0x000002715ec73a10
Event: 53.701 Thread 0x00000271731dbe70 flushing  nmethod 0x000002715ec7bb90
Event: 53.701 Thread 0x00000271731dbe70 flushing  nmethod 0x000002715ec7dd90
Event: 53.701 Thread 0x00000271731dbe70 flushing  nmethod 0x000002715ec9b010
Event: 53.701 Thread 0x00000271731dbe70 flushing  nmethod 0x000002715ed5d790
Event: 53.701 Thread 0x00000271731dbe70 flushing  nmethod 0x000002715ef8b190

Events (20 events):
Event: 34.499 Thread 0x00000271796be1f0 Thread exited: 0x00000271796be1f0
Event: 34.501 Thread 0x0000027179240940 Thread exited: 0x0000027179240940
Event: 37.787 Thread 0x000002717b2996d0 Thread exited: 0x000002717b2996d0
Event: 47.233 Thread 0x0000027173352af0 Thread added: 0x000002717999abd0
Event: 51.079 Thread 0x000002717999abd0 Thread exited: 0x000002717999abd0
Event: 51.195 Thread 0x0000027173351200 Thread added: 0x000002717c0a45f0
Event: 54.787 Thread 0x0000027153f72210 Thread added: 0x00000271789c73a0
Event: 54.788 Thread 0x0000027153f72210 Thread added: 0x000002717cc386e0
Event: 54.788 Thread 0x0000027153f72210 Thread added: 0x000002717cc38d70
Event: 54.789 Thread 0x0000027153f72210 Thread added: 0x000002717cc3ae40
Event: 54.789 Thread 0x0000027153f72210 Thread added: 0x000002717cc3b4d0
Event: 54.790 Thread 0x0000027153f72210 Thread added: 0x000002717cc3a120
Event: 54.790 Thread 0x0000027153f72210 Thread added: 0x000002717cc3a7b0
Event: 54.791 Thread 0x0000027153f72210 Thread added: 0x000002717cc38050
Event: 54.793 Thread 0x0000027153f72210 Thread added: 0x000002717cc3bb60
Event: 54.794 Thread 0x0000027153f72210 Thread added: 0x000002717cc3c880
Event: 54.858 Thread 0x0000027153f72210 Thread added: 0x000002717cc39400
Event: 54.865 Thread 0x0000027153f72210 Thread added: 0x000002717cc3cf10
Event: 54.925 Thread 0x0000027153f72210 Thread exited: 0x0000027153f72210
Event: 54.926 Thread 0x000002717cc39a90 Thread added: 0x000002717cc39a90


Dynamic libraries:
0x00007ff70ed10000 - 0x00007ff70ed1e000 	C:\Program Files\Eclipse Adoptium\jdk-21.0.4.7-hotspot\bin\java.exe
0x00007ffa1f2c0000 - 0x00007ffa1f527000 	C:\WINDOWS\SYSTEM32\ntdll.dll
0x00007ff9e36e0000 - 0x00007ff9e3701000 	C:\Program Files\Avast Software\Avast\aswhook.dll
0x00007ffa1e7c0000 - 0x00007ffa1e88a000 	C:\WINDOWS\System32\KERNEL32.DLL
0x00007ffa1cbe0000 - 0x00007ffa1cfe2000 	C:\WINDOWS\System32\KERNELBASE.dll
0x00007ffa1c4d0000 - 0x00007ffa1c61c000 	C:\WINDOWS\System32\ucrtbase.dll
0x00007ffa075d0000 - 0x00007ffa075e8000 	C:\Program Files\Eclipse Adoptium\jdk-21.0.4.7-hotspot\bin\jli.dll
0x00007ffa1ef90000 - 0x00007ffa1f15f000 	C:\WINDOWS\System32\USER32.dll
0x00007ffa1c8f0000 - 0x00007ffa1c917000 	C:\WINDOWS\System32\win32u.dll
0x00007ffa1ea00000 - 0x00007ffa1ea2b000 	C:\WINDOWS\System32\GDI32.dll
0x00007ffa1c7c0000 - 0x00007ffa1c8e9000 	C:\WINDOWS\System32\gdi32full.dll
0x00007ffa1cb30000 - 0x00007ffa1cbd3000 	C:\WINDOWS\System32\msvcp_win.dll
0x00007ff9e4cf0000 - 0x00007ff9e4d0b000 	C:\Program Files\Eclipse Adoptium\jdk-21.0.4.7-hotspot\bin\VCRUNTIME140.dll
0x00007ff9f7f40000 - 0x00007ff9f81d0000 	C:\WINDOWS\WinSxS\amd64_microsoft.windows.common-controls_6595b64144ccf1df_6.0.26100.9278_none_3e0d1ba8e3303201\COMCTL32.dll
0x00007ffa1d3f0000 - 0x00007ffa1d499000 	C:\WINDOWS\System32\msvcrt.dll
0x00007ffa1f1f0000 - 0x00007ffa1f221000 	C:\WINDOWS\System32\IMM32.DLL
0x00007ffa145b0000 - 0x00007ffa145bc000 	C:\Program Files\Eclipse Adoptium\jdk-21.0.4.7-hotspot\bin\vcruntime140_1.dll
0x00007ff9e4920000 - 0x00007ff9e49ae000 	C:\Program Files\Eclipse Adoptium\jdk-21.0.4.7-hotspot\bin\msvcp140.dll
0x00007ff919c50000 - 0x00007ff91a9d8000 	C:\Program Files\Eclipse Adoptium\jdk-21.0.4.7-hotspot\bin\server\jvm.dll
0x00007ffa1d4a0000 - 0x00007ffa1d55c000 	C:\WINDOWS\System32\ADVAPI32.dll
0x00007ffa1def0000 - 0x00007ffa1df99000 	C:\WINDOWS\System32\sechost.dll
0x00007ffa1ed20000 - 0x00007ffa1ee38000 	C:\WINDOWS\System32\RPCRT4.dll
0x00007ffa1d200000 - 0x00007ffa1d280000 	C:\WINDOWS\System32\WS2_32.dll
0x00007ffa1c350000 - 0x00007ffa1c3ae000 	C:\WINDOWS\SYSTEM32\POWRPROF.dll
0x00007ffa11360000 - 0x00007ffa11396000 	C:\WINDOWS\SYSTEM32\WINMM.dll
0x00007ffa158a0000 - 0x00007ffa158ab000 	C:\WINDOWS\SYSTEM32\VERSION.dll
0x00007ffa1c310000 - 0x00007ffa1c325000 	C:\WINDOWS\SYSTEM32\UMPDC.dll
0x00007ffa1b180000 - 0x00007ffa1b19b000 	C:\WINDOWS\SYSTEM32\kernel.appcore.dll
0x00007ffa0a150000 - 0x00007ffa0a15a000 	C:\Program Files\Eclipse Adoptium\jdk-21.0.4.7-hotspot\bin\jimage.dll
0x00007ffa19930000 - 0x00007ffa19b72000 	C:\WINDOWS\SYSTEM32\DBGHELP.DLL
0x00007ffa1dfa0000 - 0x00007ffa1e324000 	C:\WINDOWS\System32\combase.dll
0x00007ffa1d570000 - 0x00007ffa1d649000 	C:\WINDOWS\System32\OLEAUT32.dll
0x00007ffa0b890000 - 0x00007ffa0b8cb000 	C:\WINDOWS\SYSTEM32\dbgcore.DLL
0x00007ffa1c920000 - 0x00007ffa1c9cc000 	C:\WINDOWS\System32\bcryptPrimitives.dll
0x00007ff9fc360000 - 0x00007ff9fc39c000 	C:\Program Files\Eclipse Adoptium\jdk-21.0.4.7-hotspot\bin\jdwp.dll
0x00007ff9e4cd0000 - 0x00007ff9e4cef000 	C:\Program Files\Eclipse Adoptium\jdk-21.0.4.7-hotspot\bin\java.dll
0x00007ffa1d650000 - 0x00007ffa1dde8000 	C:\WINDOWS\System32\SHELL32.dll
0x00007ffa19ef0000 - 0x00007ffa1a79e000 	C:\WINDOWS\SYSTEM32\windows.storage.dll
0x00007ffa1ee90000 - 0x00007ffa1ef8b000 	C:\WINDOWS\System32\SHCORE.dll
0x00007ffa1e890000 - 0x00007ffa1e8f6000 	C:\WINDOWS\System32\shlwapi.dll
0x00007ffa1c3f0000 - 0x00007ffa1c419000 	C:\WINDOWS\SYSTEM32\profapi.dll
0x00007ff9dddd0000 - 0x00007ff9ddea7000 	C:\Program Files\Eclipse Adoptium\jdk-21.0.4.7-hotspot\bin\jsvml.dll
0x00007ffa0cb90000 - 0x00007ffa0cb9b000 	C:\Program Files\Eclipse Adoptium\jdk-21.0.4.7-hotspot\bin\dt_socket.dll
0x00007ffa1ab20000 - 0x00007ffa1ab53000 	C:\WINDOWS\SYSTEM32\IPHLPAPI.DLL
0x00007ffa1b760000 - 0x00007ffa1b7cc000 	C:\WINDOWS\system32\mswsock.dll
0x00007ffa1ab60000 - 0x00007ffa1acb8000 	C:\WINDOWS\SYSTEM32\DNSAPI.dll
0x00007ffa1b560000 - 0x00007ffa1b56d000 	C:\WINDOWS\SYSTEM32\DSPARSE.dll
0x00007ffa1ee80000 - 0x00007ffa1ee8a000 	C:\WINDOWS\System32\NSI.dll
0x00007ffa18a90000 - 0x00007ffa18a9b000 	C:\Windows\System32\rasadhlp.dll
0x00007ffa16940000 - 0x00007ffa169c6000 	C:\WINDOWS\System32\fwpuclnt.dll
0x00007ffa09650000 - 0x00007ffa09660000 	C:\Program Files\Eclipse Adoptium\jdk-21.0.4.7-hotspot\bin\net.dll
0x00007ffa15ba0000 - 0x00007ffa15cca000 	C:\WINDOWS\SYSTEM32\WINHTTP.dll
0x00007ff9e4900000 - 0x00007ff9e4916000 	C:\Program Files\Eclipse Adoptium\jdk-21.0.4.7-hotspot\bin\nio.dll
0x00007ff9e48e0000 - 0x00007ff9e48f8000 	C:\Program Files\Eclipse Adoptium\jdk-21.0.4.7-hotspot\bin\zip.dll
0x00007ffa0a160000 - 0x00007ffa0a16e000 	C:\Program Files\Eclipse Adoptium\jdk-21.0.4.7-hotspot\bin\sunmscapi.dll
0x00007ffa1c630000 - 0x00007ffa1c7ae000 	C:\WINDOWS\System32\CRYPT32.dll
0x00007ffa1bc90000 - 0x00007ffa1bcc0000 	C:\WINDOWS\SYSTEM32\ncrypt.dll
0x00007ffa1bc40000 - 0x00007ffa1bc7f000 	C:\WINDOWS\SYSTEM32\NTASN1.dll
0x00007ffa1ba70000 - 0x00007ffa1ba8b000 	C:\WINDOWS\SYSTEM32\CRYPTSP.dll
0x00007ffa1b0e0000 - 0x00007ffa1b119000 	C:\WINDOWS\system32\rsaenh.dll
0x00007ffa1b810000 - 0x00007ffa1b844000 	C:\WINDOWS\SYSTEM32\USERENV.dll
0x00007ffa1c3c0000 - 0x00007ffa1c3ea000 	C:\WINDOWS\SYSTEM32\bcrypt.dll
0x00007ffa1ba50000 - 0x00007ffa1ba5c000 	C:\WINDOWS\SYSTEM32\CRYPTBASE.dll
0x00007ffa18880000 - 0x00007ffa1888a000 	C:\Program Files\Eclipse Adoptium\jdk-21.0.4.7-hotspot\bin\management.dll
0x00007ffa13400000 - 0x00007ffa1340b000 	C:\Program Files\Eclipse Adoptium\jdk-21.0.4.7-hotspot\bin\management_ext.dll
0x00007ffa1ee40000 - 0x00007ffa1ee48000 	C:\WINDOWS\System32\PSAPI.DLL
0x00007ffa18890000 - 0x00007ffa18899000 	C:\Program Files\Eclipse Adoptium\jdk-21.0.4.7-hotspot\bin\extnet.dll
0x00007ff9f83e0000 - 0x00007ff9f83e8000 	C:\WINDOWS\system32\wshunix.dll

dbghelp: loaded successfully - version: 4.0.5 - missing functions: none
symbol engine: initialized successfully - sym options: 0x614 - pdb path: .;C:\Program Files\Eclipse Adoptium\jdk-21.0.4.7-hotspot\bin;C:\WINDOWS\SYSTEM32;C:\Program Files\Avast Software\Avast;C:\WINDOWS\WinSxS\amd64_microsoft.windows.common-controls_6595b64144ccf1df_6.0.26100.9278_none_3e0d1ba8e3303201;C:\Program Files\Eclipse Adoptium\jdk-21.0.4.7-hotspot\bin\server

VM Arguments:
jvm_args: -agentlib:jdwp=transport=dt_socket,server=n,suspend=y,address=localhost:62089 -XX:+ShowCodeDetailsInExceptionMessages 
java_command: br.com.knowledge.stockonyou.StockonyouApplication
java_class_path (initial): E:\fullstack\projetos\fullstack\stockonyou\backend\stockonyou\target\classes;C:\Users\wesle\.m2\repository\org\springframework\boot\spring-boot-starter-data-jpa\4.1.1\spring-boot-starter-data-jpa-4.1.1.jar;C:\Users\wesle\.m2\repository\org\springframework\boot\spring-boot-starter\4.1.1\spring-boot-starter-4.1.1.jar;C:\Users\wesle\.m2\repository\org\springframework\boot\spring-boot-starter-logging\4.1.1\spring-boot-starter-logging-4.1.1.jar;C:\Users\wesle\.m2\repository\ch\qos\logback\logback-classic\1.5.38\logback-classic-1.5.38.jar;C:\Users\wesle\.m2\repository\ch\qos\logback\logback-core\1.5.38\logback-core-1.5.38.jar;C:\Users\wesle\.m2\repository\org\apache\logging\log4j\log4j-to-slf4j\2.25.5\log4j-to-slf4j-2.25.5.jar;C:\Users\wesle\.m2\repository\org\apache\logging\log4j\log4j-api\2.25.5\log4j-api-2.25.5.jar;C:\Users\wesle\.m2\repository\org\slf4j\jul-to-slf4j\2.0.18\jul-to-slf4j-2.0.18.jar;C:\Users\wesle\.m2\repository\org\springframework\boot\spring-boot-autoconfigure\4.1.1\spring-boot-autoconfigure-4.1.1.jar;C:\Users\wesle\.m2\repository\jakarta\annotation\jakarta.annotation-api\3.0.0\jakarta.annotation-api-3.0.0.jar;C:\Users\wesle\.m2\repository\org\yaml\snakeyaml\2.6\snakeyaml-2.6.jar;C:\Users\wesle\.m2\repository\org\springframework\boot\spring-boot-starter-jdbc\4.1.1\spring-boot-starter-jdbc-4.1.1.jar;C:\Users\wesle\.m2\repository\com\zaxxer\HikariCP\7.0.2\HikariCP-7.0.2.jar;C:\Users\wesle\.m2\repository\org\slf4j\slf4j-api\2.0.18\slf4j-api-2.0.18.jar;C:\Users\wesle\.m2\repository\org\springframework\boot\spring-boot-data-jpa\4.1.1\spring-boot-data-jpa-4.1.1.jar;C:\Users\wesle\.m2\repository\org\springframework\boot\spring-boot-data-commons\4.1.1\spring-boot-data-commons-4.1.1.jar;C:\Users\wesle\.m2\repository\org\springframework\boot\spring-boot-persistence\4.1.1\spring-boot-persistence-4.1.1.jar;C:\Users\wesle\.m2\repository\org\springframework\data\spring-data-commons\4.1.1\spring-data-commons-4.1.1.jar;C:\Users\wesle\.m2\repository\org\springframework\boot\spring-boot-hibernate\4.1.1\spring-boot-hibernate-4.1.1.jar;C:\Users\wesle\.m2\repository\org\springframework\boot\spring-boot-jpa\4.1.1\spring-boot-jpa-4.1.1.jar;C:\Users\wesle\.m2\repository\jakarta\persistence\jakarta.persistence-api\3.2.0\jakarta.persistence-api-3.2.0.jar;C:\Users\wesle\.m2\repository\org\hibernate\orm\hibernate-core\7.4.5.Final\hibernate-core-7.4.5.Final.jar;C:\Users\wesle\.m2\repository\jakarta\transaction\jakarta.transaction-api\2.0.1\jakarta.transaction-api-2.0.1.jar;C:\Users\wesle\.m2\repository\org\hibernate\models\hibernate-models\1.1.1\hibernate-models-1.1.1.jar;C:\Users\wesle\.m2\repository\org\glassfish\jaxb\jaxb-runtime\4.0.9\jaxb-runtime-4.0.9.jar;C:\Users\wesle\.m2\repository\org\glassfish\jaxb\jaxb-core\4.0.9\jaxb-core-4.0.9.jar;C:\Users\wesle\.m2\repository\org\eclipse\angus\angus-activation\2.0.3\angus-activation-2.0.3.jar;C:\Users\wesle\.m2\repository\org\glassfish\jaxb\txw2\4.0.9\txw2-4.0.9.jar;C:\Users\wesle\.m2\repository\com\sun\istack\istack-commons-runtime\4.1.2\istack-commons-runtime-4.1.2.jar;C:\Users\wesle\.m2\repository\jakarta\inject\jakarta.inject-api\2.0.1\jakarta.inject-api-2.0.1.jar;C:\Users\wesle\.m2\repository\org\springframework\spring-orm\7.0.9\spring-orm-7.0.9.jar;C:\Users\wesle\.m2\repository\org\springframework\data\spring-data-jpa\4.1.1\spring-data-jpa-4.1.1.jar;C:\Users\wesle\.m2\repository\org\springframework\spring-context\7.0.9\spring-context-7.0.9.jar;C:\Users\wesle\.m2\repository\org\springframework\spring-tx\7.0.9\spring-tx-7.0.9.jar;C:\Users\wesle\.m2\repository\org\antlr\antlr4-runtime\4.13.2\antlr4-runtime-4.13.2.jar;C:\Users\wesle\.m2\repository\org\springframework\spring-aspects\7.0.9\spring-aspects-7.0.9.jar;C:\Users\wesle\.m2\repository\org\aspectj\aspectjweaver\1.9.25.1\aspectjweaver-1.9.25.1.jar;C:\Users\wesle\.m2\repository\org\springframework\boot\spring-boot-jdbc\4.1.1\spring-boot-jdbc-4.1.1.jar;C:\Users\wesle\.m2\repository\org\springframework\boot\spring-boot\4.1.1\spring-boot-4.1.1.jar;C:\Users\wesle\.m2\repository\org\springframework\boot\spring-boot-sql\4.1.1\spring-boot-sql-4.1.1.jar;C:\Users\wesle\.m2\repository\org\springframework\boot\spring-boot-transaction\4.1.1\spring-boot-transaction-4.1.1.jar;C:\Users\wesle\.m2\repository\org\springframework\spring-jdbc\7.0.9\spring-jdbc-7.0.9.jar;C:\Users\wesle\.m2\repository\org\springframework\boot\spring-boot-starter-flyway\4.1.1\spring-boot-starter-flyway-4.1.1.jar;C:\Users\wesle\.m2\repository\org\springframework\boot\spring-boot-flyway\4.1.1\spring-boot-flyway-4.1.1.jar;C:\Users\wesle\.m2\repository\org\springframework\boot\spring-boot-starter-security\4.1.1\spring-boot-starter-security-4.1.1.jar;C:\Users\wesle\.m2\repository\org\springframework\boot\spring-boot-security\4.1.1\spring-boot-security-4.1.1.jar;C:\Users\wesle\.m2\repository\org\springframework\security\spring-security-config\7.1.1\spring-security-config-7.1.1.jar;C:\Users\wesle\.m2\repository\org\springframework\security\spring-security-core\7.1.1\spring-security-core-7.1.1.jar;C:\Users\wesle\.m2\repository\org\springframework\security\spring-security-crypto\7.1.1\spring-security-crypto-7.1.1.jar;C:\Users\wesle\.m2\repository\org\springframework\security\spring-security-web\7.1.1\spring-security-web-7.1.1.jar;C:\Users\wesle\.m2\repository\org\springframework\spring-expression\7.0.9\spring-expression-7.0.9.jar;C:\Users\wesle\.m2\repository\org\springframework\spring-aop\7.0.9\spring-aop-7.0.9.jar;C:\Users\wesle\.m2\repository\org\springframework\spring-beans\7.0.9\spring-beans-7.0.9.jar;C:\Users\wesle\.m2\repository\org\springframework\spring-core\7.0.9\spring-core-7.0.9.jar;C:\Users\wesle\.m2\repository\commons-logging\commons-logging\1.3.6\commons-logging-1.3.6.jar;C:\Users\wesle\.m2\repository\org\jspecify\jspecify\1.0.1\jspecify-1.0.1.jar;C:\Users\wesle\.m2\repository\org\springframework\boot\spring-boot-starter-security-oauth2-resource-server\4.1.1\spring-boot-starter-security-oauth2-resource-server-4.1.1.jar;C:\Users\wesle\.m2\repository\org\springframework\boot\spring-boot-security-oauth2-resource-server\4.1.1\spring-boot-security-oauth2-resource-server-4.1.1.jar;C:\Users\wesle\.m2\repository\org\springframework\security\spring-security-oauth2-jose\7.1.1\spring-security-oauth2-jose-7.1.1.jar;C:\Users\wesle\.m2\repository\org\springframework\security\spring-security-oauth2-core\7.1.1\spring-security-oauth2-core-7.1.1.jar;C:\Users\wesle\.m2\repository\com\nimbusds\nimbus-jose-jwt\10.9.1\nimbus-jose-jwt-10.9.1.jar;C:\Users\wesle\.m2\repository\org\springframework\security\spring-security-oauth2-resource-server\7.1.1\spring-security-oauth2-resource-server-7.1.1.jar;C:\Users\wesle\.m2\repository\com\fasterxml\jackson\datatype\jackson-datatype-jsr310\2.21.5\jackson-datatype-jsr310-2.21.5.jar;C:\Users\wesle\.m2\repository\com\fasterxml\jackson\core\jackson-annotations\2.21\jackson-annotations-2.21.jar;C:\Users\wesle\.m2\repository\com\fasterxml\jackson\core\jackson-core\2.21.5\jackson-core-2.21.5.jar;C:\Users\wesle\.m2\repository\com\fasterxml\jackson\core\jackson-databind\2.21.5\jackson-databind-2.21.5.jar;C:\Users\wesle\.m2\repository\org\springframework\boot\spring-boot-starter-webmvc\4.1.1\spring-boot-starter-webmvc-4.1.1.jar;C:\Users\wesle\.m2\repository\org\springframework\boot\spring-boot-starter-jackson\4.1.1\spring-boot-starter-jackson-4.1.1.jar;C:\Users\wesle\.m2\repository\org\springframework\boot\spring-boot-jackson\4.1.1\spring-boot-jackson-4.1.1.jar;C:\Users\wesle\.m2\repository\org\springframework\boot\spring-boot-starter-tomcat\4.1.1\spring-boot-starter-tomcat-4.1.1.jar;C:\Users\wesle\.m2\repository\org\springframework\boot\spring-boot-starter-tomcat-runtime\4.1.1\spring-boot-starter-tomcat-runtime-4.1.1.jar;C:\Users\wesle\.m2\repository\org\apache\tomcat\embed\tomcat-embed-core\11.0.24\tomcat-embed-core-11.0.24.jar;C:\Users\wesle\.m2\repository\org\apache\tomcat\embed\tomcat-embed-websocket\11.0.24\tomcat-embed-websocket-11.0.24.jar;C:\Users\wesle\.m2\repository\org\springframework\boot\spring-boot-tomcat\4.1.1\spring-boot-tomcat-4.1.1.jar;C:\Users\wesle\.m2\repository\org\springframework\boot\spring-boot-http-converter\4.1.1\spring-boot-http-converter-4.1.1.jar;C:\Users\wesle\.m2\repository\org\springframework\spring-web\7.0.9\spring-web-7.0.9.jar;C:\Users\wesle\.m2\repository\io\micrometer\micrometer-observation\1.17.1\micrometer-observation-1.17.1.jar;C:\Users\wesle\.m2\repository\io\micrometer\micrometer-commons\1.17.1\micrometer-commons-1.17.1.jar;C:\Users\wesle\.m2\repository\org\springframework\boot\spring-boot-webmvc\4.1.1\spring-boot-webmvc-4.1.1.jar;C:\Users\wesle\.m2\repository\org\springframework\boot\spring-boot-servlet\4.1.1\spring-boot-servlet-4.1.1.jar;C:\Users\wesle\.m2\repository\org\springframework\spring-webmvc\7.0.9\spring-webmvc-7.0.9.jar;C:\Users\wesle\.m2\repository\org\flywaydb\flyway-database-postgresql\12.4.0\flyway-database-postgresql-12.4.0.jar;C:\Users\wesle\.m2\repository\org\flywaydb\flyway-core\12.4.0\flyway-core-12.4.0.jar;C:\Users\wesle\.m2\repository\tools\jackson\core\jackson-databind\3.1.5\jackson-databind-3.1.5.jar;C:\Users\wesle\.m2\repository\tools\jackson\core\jackson-core\3.1.5\jackson-core-3.1.5.jar;C:\Users\wesle\.m2\repository\org\postgresql\postgresql\42.7.13\postgresql-42.7.13.jar;C:\Users\wesle\.m2\repository\org\checkerframework\checker-qual\3.55.1\checker-qual-3.55.1.jar;C:\Users\wesle\.m2\repository\org\projectlombok\lombok\1.18.46\lombok-1.18.46.jar;C:\Users\wesle\.m2\repository\org\springframework\boot\spring-boot-starter-validation\4.1.1\spring-boot-starter-validation-4.1.1.jar;C:\Users\wesle\.m2\repository\org\springframework\boot\spring-boot-validation\4.1.1\spring-boot-validation-4.1.1.jar;C:\Users\wesle\.m2\repository\org\apache\tomcat\embed\tomcat-embed-el\11.0.24\tomcat-embed-el-11.0.24.jar;C:\Users\wesle\.m2\repository\org\hibernate\validator\hibernate-validator\9.1.3.Final\hibernate-validator-9.1.3.Final.jar;C:\Users\wesle\.m2\repository\jakarta\validation\jakarta.validation-api\3.1.1\jakarta.validation-api-3.1.1.jar;C:\Users\wesle\.m2\repository\org\jboss\logging\jboss-logging\3.6.3.Final\jboss-logging-3.6.3.Final.jar;C:\Users\wesle\.m2\repository\com\fasterxml\classmate\1.7.3\classmate-1.7.3.jar;C:\Users\wesle\.m2\repository\jakarta\xml\bind\jakarta.xml.bind-api\4.0.5\jakarta.xml.bind-api-4.0.5.jar;C:\Users\wesle\.m2\repository\jakarta\activation\jakarta.activation-api\2.1.4\jakarta.activation-api-2.1.4.jar;C:\Users\wesle\.m2\repository\net\bytebuddy\byte-buddy\1.18.11\byte-buddy-1.18.11.jar;C:\Users\wesle\.m2\repository\org\springframework\boot\spring-boot-web-server\4.1.1\spring-boot-web-server-4.1.1.jar
Launcher Type: SUN_STANDARD

[Global flags]
     intx CICompilerCount                          = 4                                         {product} {ergonomic}
     uint ConcGCThreads                            = 3                                         {product} {ergonomic}
     uint G1ConcRefinementThreads                  = 10                                        {product} {ergonomic}
   size_t G1HeapRegionSize                         = 1048576                                   {product} {ergonomic}
    uintx GCDrainStackTargetSize                   = 64                                        {product} {ergonomic}
   size_t InitialHeapSize                          = 130023424                                 {product} {ergonomic}
   size_t MarkStackSize                            = 4194304                                   {product} {ergonomic}
   size_t MaxHeapSize                              = 2065694720                                {product} {ergonomic}
   size_t MaxNewSize                               = 1239416832                                {product} {ergonomic}
   size_t MinHeapDeltaBytes                        = 1048576                                   {product} {ergonomic}
   size_t MinHeapSize                              = 8388608                                   {product} {ergonomic}
    uintx NonNMethodCodeHeapSize                   = 5839372                                {pd product} {ergonomic}
    uintx NonProfiledCodeHeapSize                  = 122909434                              {pd product} {ergonomic}
    uintx ProfiledCodeHeapSize                     = 122909434                              {pd product} {ergonomic}
    uintx ReservedCodeCacheSize                    = 251658240                              {pd product} {ergonomic}
     bool SegmentedCodeCache                       = true                                      {product} {ergonomic}
     bool ShowCodeDetailsInExceptionMessages       = true                                   {manageable} {command line}
   size_t SoftMaxHeapSize                          = 2065694720                             {manageable} {ergonomic}
     bool UseCompressedOops                        = true                           {product lp64_product} {ergonomic}
     bool UseG1GC                                  = true                                      {product} {ergonomic}
     bool UseLargePagesIndividualAllocation        = false                                  {pd product} {ergonomic}

Logging:
Log output configuration:
 #0: stdout all=warning uptime,level,tags foldmultilines=false
 #1: stderr all=off uptime,level,tags foldmultilines=false

Environment Variables:
JAVA_HOME=C:\Program Files\Eclipse Adoptium\jdk-21.0.4.7-hotspot
PATH=C:\Python313\Scripts\;C:\Python313\;C:\Program Files\Eclipse Adoptium\jdk-21.0.4.7-hotspot\bin;C:\Python312\Scripts\;C:\Python312\;C:\WINDOWS\system32;C:\WINDOWS;C:\WINDOWS\System32\Wbem;C:\WINDOWS\System32\WindowsPowerShell\v1.0\;C:\WINDOWS\System32\OpenSSH\;C:\ProgramData\chocolatey\bin;C:\desenvolvimento\nvm;%NVM_SYMLINK%;C:\Program Files\Git\cmd;C:\Program Files\Git\bin;C:\Program Files\Docker\Docker\resources\bin;C:\Program Files\maven\bin;C:\Program Files\nodejs\;C:\Program Files\dotnet\;C:\Program Files\MySQL\MySQL Shell 8.0\bin\;C:\Users\wesle\AppData\Local\Microsoft\WindowsApps;C:\Users\wesle\AppData\Local\JetBrains\Toolbox\scripts;C:\desenvolvimento\nvm;%NVM_SYMLINK%;C:\Program Files\Git\cmd;C:\Program Files\Git\bin;C:\Users\wesle\AppData\Local\Programs\mongosh\;C:\Users\wesle\AppData\Local\Programs\Microsoft VS Code\bin;C:\Users\wesle\AppData\Local\Microsoft\WindowsApps;C:\Users\wesle\AppData\Roaming\npm;c:\Users\wesle\.vscode\extensions\vscjava.vscode-java-debug-0.59.0\bundled\scripts\noConfigScripts
USERNAME=wesle
LANG=pt_BR.UTF-8
OS=Windows_NT
PROCESSOR_IDENTIFIER=Intel64 Family 6 Model 186 Stepping 3, GenuineIntel
TMP=C:\Users\wesle\AppData\Local\Temp
TEMP=C:\Users\wesle\AppData\Local\Temp




Periodic native trim disabled

---------------  S Y S T E M  ---------------

OS:
 Windows 11 , 64 bit Build 26100 (10.0.26100.9278)
OS uptime: 1 days 6:19 hours
Hyper-V role detected

CPU: total 12 (initial active 12) (6 cores per cpu, 2 threads per core) family 6 model 186 stepping 3 microcode 0x411f, cx8, cmov, fxsr, ht, mmx, 3dnowpref, sse, sse2, sse3, ssse3, sse4.1, sse4.2, popcnt, lzcnt, tsc, tscinvbit, avx, avx2, aes, erms, clmul, bmi1, bmi2, adx, sha, fma, vzeroupper, clflush, clflushopt, clwb, hv, serialize, rdtscp, rdpid, fsrm, f16c, cet_ibt, cet_ss
Processor Information for processor 0
  Max Mhz: 1300, Current Mhz: 1300, Mhz Limit: 1300
Processor Information for processor 1
  Max Mhz: 1300, Current Mhz: 1300, Mhz Limit: 1300
Processor Information for processor 2
  Max Mhz: 1300, Current Mhz: 1300, Mhz Limit: 1300
Processor Information for processor 3
  Max Mhz: 1300, Current Mhz: 1300, Mhz Limit: 1300
Processor Information for processor 4
  Max Mhz: 1300, Current Mhz: 900, Mhz Limit: 897
Processor Information for processor 5
  Max Mhz: 1300, Current Mhz: 900, Mhz Limit: 897
Processor Information for processor 6
  Max Mhz: 1300, Current Mhz: 900, Mhz Limit: 897
Processor Information for processor 7
  Max Mhz: 1300, Current Mhz: 900, Mhz Limit: 897
Processor Information for processor 8
  Max Mhz: 1300, Current Mhz: 900, Mhz Limit: 897
Processor Information for processor 9
  Max Mhz: 1300, Current Mhz: 900, Mhz Limit: 897
Processor Information for processor 10
  Max Mhz: 1300, Current Mhz: 900, Mhz Limit: 897
Processor Information for processor 11
  Max Mhz: 1300, Current Mhz: 900, Mhz Limit: 897

Memory: 4k page, system-wide physical 7875M (358M free)
TotalPageFile size 29223M (AvailPageFile size 32M)
current process WorkingSet (physical memory assigned to process): 300M, peak: 303M
current process commit charge ("private bytes"): 337M, peak: 341M

vm_info: OpenJDK 64-Bit Server VM (21.0.4+7-LTS) for windows-amd64 JRE (21.0.4+7-LTS), built on 2024-07-16T00:00:00Z by "admin" with MS VC++ 17.7 (VS2022)

END.
